Component: ARM Compiler 5.06 update 5 (build 528) Tool: armlink [4d35e2]

==============================================================================

Section Cross References

    startup_stm32f4xx.o(STACK) refers (Special) to heapauxi.o(.text) for __use_two_region_memory
    startup_stm32f4xx.o(HEAP) refers (Special) to heapauxi.o(.text) for __use_two_region_memory
    startup_stm32f4xx.o(RESET) refers (Special) to heapauxi.o(.text) for __use_two_region_memory
    startup_stm32f4xx.o(RESET) refers to startup_stm32f4xx.o(STACK) for __initial_sp
    startup_stm32f4xx.o(RESET) refers to startup_stm32f4xx.o(.text) for Reset_Handler
    startup_stm32f4xx.o(RESET) refers to stm32f4xx_it.o(i.NMI_Handler) for NMI_Handler
    startup_stm32f4xx.o(RESET) refers to stm32f4xx_it.o(i.HardFault_Handler) for HardFault_Handler
    startup_stm32f4xx.o(RESET) refers to stm32f4xx_it.o(i.MemManage_Handler) for MemManage_Handler
    startup_stm32f4xx.o(RESET) refers to stm32f4xx_it.o(i.BusFault_Handler) for BusFault_Handler
    startup_stm32f4xx.o(RESET) refers to stm32f4xx_it.o(i.UsageFault_Handler) for UsageFault_Handler
    startup_stm32f4xx.o(RESET) refers to stm32f4xx_it.o(i.SVC_Handler) for SVC_Handler
    startup_stm32f4xx.o(RESET) refers to stm32f4xx_it.o(i.DebugMon_Handler) for DebugMon_Handler
    startup_stm32f4xx.o(RESET) refers to stm32f4xx_it.o(i.PendSV_Handler) for PendSV_Handler
    startup_stm32f4xx.o(RESET) refers to stm32f4xx_it.o(i.SysTick_Handler) for SysTick_Handler
    startup_stm32f4xx.o(.text) refers (Special) to heapauxi.o(.text) for __use_two_region_memory
    startup_stm32f4xx.o(.text) refers to system_stm32f4xx.o(i.SystemInit) for SystemInit
    startup_stm32f4xx.o(.text) refers to __main.o(!!!main) for __main
    startup_stm32f4xx.o(.text) refers to startup_stm32f4xx.o(HEAP) for Heap_Mem
    startup_stm32f4xx.o(.text) refers to startup_stm32f4xx.o(STACK) for Stack_Mem
    main.o(i.Calibrate) refers to main.o(i.ReadCount) for ReadCount
    main.o(i.Calibrate) refers to main.o(i.GetMiddleFilterValue) for GetMiddleFilterValue
    main.o(i.Calibrate) refers to main.o(.data) for .data
    main.o(i.GetMiddleFilterValue) refers to main.o(.bss) for .bss
    main.o(i.ReadCount) refers to stm32f4xx_gpio.o(i.GPIO_ResetBits) for GPIO_ResetBits
    main.o(i.ReadCount) refers to stm32f4xx_gpio.o(i.GPIO_ReadInputDataBit) for GPIO_ReadInputDataBit
    main.o(i.ReadCount) refers to stm32f4xx_gpio.o(i.GPIO_SetBits) for GPIO_SetBits
    main.o(i.Scale_Init) refers to stm32f4xx_rcc.o(i.RCC_AHB1PeriphClockCmd) for RCC_AHB1PeriphClockCmd
    main.o(i.Scale_Init) refers to stm32f4xx_gpio.o(i.GPIO_Init) for GPIO_Init
    main.o(i.main) refers to _printf_pad.o(.text) for _printf_pre_padding
    main.o(i.main) refers to _printf_percent.o(.ARM.Collect$$_printf_percent$$00000000) for _printf_percent
    main.o(i.main) refers to _printf_x.o(.ARM.Collect$$_printf_percent$$0000000C) for _printf_x
    main.o(i.main) refers to _printf_hex_int.o(.text) for _printf_longlong_hex
    main.o(i.main) refers to _printf_d.o(.ARM.Collect$$_printf_percent$$00000009) for _printf_d
    main.o(i.main) refers to _printf_dec.o(.text) for _printf_int_dec
    main.o(i.main) refers to _printf_f.o(.ARM.Collect$$_printf_percent$$00000003) for _printf_f
    main.o(i.main) refers to printf1.o(x$fpl$printf1) for _printf_fp_dec
    main.o(i.main) refers to rt_memclr_w.o(.text) for __aeabi_memclr4
    main.o(i.main) refers to key.o(i.Key_Init) for Key_Init
    main.o(i.main) refers to led.o(i.LED_Init) for LED_Init
    main.o(i.main) refers to main.o(i.Scale_Init) for Scale_Init
    main.o(i.main) refers to lcd.o(i.LCD_Init) for LCD_Init
    main.o(i.main) refers to main.o(i.ReadCount) for ReadCount
    main.o(i.main) refers to main.o(i.Calibrate) for Calibrate
    main.o(i.main) refers to usart.o(i.COM1Init) for COM1Init
    main.o(i.main) refers to lcd.o(i.LCD_String) for LCD_String
    main.o(i.main) refers to key.o(i.KEY_Scan) for KEY_Scan
    main.o(i.main) refers to main.o(i.GetMiddleFilterValue) for GetMiddleFilterValue
    main.o(i.main) refers to noretval__2printf.o(.text) for __2printf
    main.o(i.main) refers to noretval__2snprintf.o(.text) for __2snprintf
    main.o(i.main) refers to f2d.o(x$fpl$f2d) for __aeabi_f2d
    main.o(i.main) refers to main.o(.data) for .data
    stm32f4xx_it.o(i.HardFault_Handler) refers to lcd.o(i.LCD_String) for LCD_String
    stm32f4xx_it.o(i.SysTick_Handler) refers to delay.o(.data) for ntime
    stm32f4xx_it.o(i.SysTick_Handler) refers to main.o(.data) for LocalTime
    system_stm32f4xx.o(i.SetSysClock) refers to system_stm32f4xx.o(.data) for .data
    system_stm32f4xx.o(i.SystemCoreClockUpdate) refers to system_stm32f4xx.o(.data) for .data
    system_stm32f4xx.o(i.SystemInit) refers to system_stm32f4xx.o(i.SetSysClock) for SetSysClock
    led.o(i.LEDOff) refers to led.o(.constdata) for .constdata
    led.o(i.LEDOff) refers to led.o(.data) for .data
[...]
    ../clib/angel/sys.s                      0x00000000   Number         0  use_no_semi_2.o ABSOLUTE
    ../clib/angel/sys.s                      0x00000000   Number         0  sys_stackheap_outer.o ABSOLUTE
    ../clib/angel/sys.s                      0x00000000   Number         0  indicate_semi.o ABSOLUTE
    ../clib/angel/sysapp.c                   0x00000000   Number         0  sys_command.o ABSOLUTE
    ../clib/angel/sysapp.c                   0x00000000   Number         0  sys_wrch.o ABSOLUTE
    ../clib/armsys.c                         0x00000000   Number         0  _get_argv_nomalloc.o ABSOLUTE
    ../clib/armsys.c                         0x00000000   Number         0  no_argv.o ABSOLUTE
    ../clib/armsys.c                         0x00000000   Number         0  argv_veneer.o ABSOLUTE
    ../clib/armsys.c                         0x00000000   Number         0  argv_veneer.o ABSOLUTE
    ../clib/bigflt.c                         0x00000000   Number         0  bigflt0.o ABSOLUTE
    ../clib/btod.s                           0x00000000   Number         0  btod.o ABSOLUTE
    ../clib/heapalloc.c                      0x00000000   Number         0  hrguard.o ABSOLUTE
    ../clib/heapaux.c                        0x00000000   Number         0  heapauxi.o ABSOLUTE
    ../clib/libinit.s                        0x00000000   Number         0  libinit2.o ABSOLUTE
    ../clib/libinit.s                        0x00000000   Number         0  libshutdown2.o ABSOLUTE
    ../clib/libinit.s                        0x00000000   Number         0  libinit.o ABSOLUTE
    ../clib/libinit.s                        0x00000000   Number         0  libshutdown.o ABSOLUTE
    ../clib/locale.s                         0x00000000   Number         0  lc_numeric_c.o ABSOLUTE
    ../clib/longlong.s                       0x00000000   Number         0  lludiv10.o ABSOLUTE
    ../clib/memcpset.s                       0x00000000   Number         0  strcmpv7m.o ABSOLUTE
    ../clib/memcpset.s                       0x00000000   Number         0  rt_memclr_w.o ABSOLUTE
    ../clib/misc.s                           0x00000000   Number         0  printf_stubs.o ABSOLUTE
    ../clib/printf.c                         0x00000000   Number         0  noretval__2printf.o ABSOLUTE
    ../clib/printf.c                         0x00000000   Number         0  __2snprintf.o ABSOLUTE
    ../clib/printf.c                         0x00000000   Number         0  _printf_hex_int_ll.o ABSOLUTE
    ../clib/printf.c                         0x00000000   Number         0  _printf_hex_ptr.o ABSOLUTE
    ../clib/printf.c                         0x00000000   Number         0  _printf_hex_int_ptr.o ABSOLUTE
    ../clib/printf.c                         0x00000000   Number         0  _printf_hex_ll_ptr.o ABSOLUTE
    ../clib/printf.c                         0x00000000   Number         0  _printf_hex_int_ll_ptr.o ABSOLUTE
    ../clib/printf.c                         0x00000000   Number         0  _printf_char_file.o ABSOLUTE
    ../clib/printf.c                         0x00000000   Number         0  __printf_flags.o ABSOLUTE
    ../clib/printf.c                         0x00000000   Number         0  __printf_ss.o ABSOLUTE
    ../clib/printf.c                         0x00000000   Number         0  __printf_flags_ss.o ABSOLUTE
    ../clib/printf.c                         0x00000000   Number         0  __printf_wp.o ABSOLUTE
    ../clib/printf.c                         0x00000000   Number         0  __printf_flags_wp.o ABSOLUTE
    ../clib/printf.c                         0x00000000   Number         0  __printf_ss_wp.o ABSOLUTE
    ../clib/printf.c                         0x00000000   Number         0  __printf_flags_ss_wp.o ABSOLUTE
    ../clib/printf.c                         0x00000000   Number         0  __2printf.o ABSOLUTE
    ../clib/printf.c                         0x00000000   Number         0  _printf_fp_infnan.o ABSOLUTE
    ../clib/printf.c                         0x00000000   Number         0  __printf_nopercent.o ABSOLUTE
    ../clib/printf.c                         0x00000000   Number         0  _snputc.o ABSOLUTE
    ../clib/printf.c                         0x00000000   Number         0  noretval__2snprintf.o ABSOLUTE
    ../clib/printf.c                         0x00000000   Number         0  _sputc.o ABSOLUTE
    ../clib/printf.c                         0x00000000   Number         0  __printf.o ABSOLUTE
    ../clib/printf.c                         0x00000000   Number         0  _printf_pad.o ABSOLUTE
    ../clib/printf.c                         0x00000000   Number         0  _printf_char_common.o ABSOLUTE
    ../clib/printf.c                         0x00000000   Number         0  _printf_dec.o ABSOLUTE
    ../clib/printf.c                         0x00000000   Number         0  _printf_fp_dec.o ABSOLUTE
    ../clib/printf.c                         0x00000000   Number         0  _printf_hex_ll.o ABSOLUTE
    ../clib/printf.c                         0x00000000   Number         0  _printf_hex_int.o ABSOLUTE
    ../clib/printf.c                         0x00000000   Number         0  _printf_intcommon.o ABSOLUTE
    ../clib/printf_percent.s                 0x00000000   Number         0  _printf_percent.o ABSOLUTE
    ../clib/printf_percent.s                 0x00000000   Number         0  _printf_d.o ABSOLUTE
    ../clib/printf_percent.s                 0x00000000   Number         0  _printf_f.o ABSOLUTE
    ../clib/printf_percent.s                 0x00000000   Number         0  _printf_x.o ABSOLUTE
    ../clib/printf_percent.s                 0x00000000   Number         0  _printf_percent_end.o ABSOLUTE
    ../clib/signal.c                         0x00000000   Number         0  defsig_rtmem_formal.o ABSOLUTE
    ../clib/signal.c                         0x00000000   Number         0  defsig_rtmem_outer.o ABSOLUTE
    ../clib/signal.c                         0x00000000   Number         0  defsig_exit.o ABSOLUTE
    ../clib/signal.c                         0x00000000   Number         0  defsig_other.o ABSOLUTE
    ../clib/signal.c                         0x00000000   Number         0  defsig_segv_inner.o ABSOLUTE
    ../clib/signal.c                         0x00000000   Number         0  defsig_cppl_inner.o ABSOLUTE
    ../clib/signal.c                         0x00000000   Number         0  defsig_pvfn_inner.o ABSOLUTE
    ../clib/signal.c                         0x00000000   Number         0  defsig_stak_inner.o ABSOLUTE
    ../clib/signal.c                         0x00000000   Number         0  defsig_rtred_inner.o ABSOLUTE
    ../clib/signal.c                         0x00000000   Number         0  defsig_fpe_inner.o ABSOLUTE
    ../clib/signal.c                         0x00000000   Number         0  defsig_abrt_inner.o ABSOLUTE
    ../clib/signal.c                         0x00000000   Number         0  defsig_general.o ABSOLUTE
    ../clib/signal.c                         0x00000000   Number         0  __raise.o ABSOLUTE
    ../clib/signal.c                         0x00000000   Number         0  defsig_rtmem_inner.o ABSOLUTE
    ../clib/signal.s                         0x00000000   Number         0  defsig.o ABSOLUTE
    ../clib/stdio.c                          0x00000000   Number         0  ferror_locked.o ABSOLUTE
    ../clib/stdio.c                          0x00000000   Number         0  ferror.o ABSOLUTE
    ../clib/stdlib.c                         0x00000000   Number         0  exit.o ABSOLUTE
    ../fplib/dretinf.s                       0x00000000   Number         0  dretinf.o ABSOLUTE
    ../fplib/f2d.s                           0x00000000   Number         0  f2d.o ABSOLUTE
    ../fplib/fnaninf.s                       0x00000000   Number         0  fnaninf.o ABSOLUTE
    ../fplib/fpinit.s                        0x00000000   Number         0  fpinit.o ABSOLUTE
    ../fplib/istatus.s                       0x00000000   Number         0  istatus.o ABSOLUTE
    ../fplib/printf1.s                       0x00000000   Number         0  printf1.o ABSOLUTE
    ../fplib/usenofp.s                       0x00000000   Number         0  usenofp.o ABSOLUTE
    ../mathlib/fpclassify.c                  0x00000000   Number         0  fpclassify.o ABSOLUTE
    ..\..\Libraries\STM32F4xx_StdPeriph_Driver\src\misc.c 0x00000000   Number         0  misc.o ABSOLUTE
    ..\..\Libraries\STM32F4xx_StdPeriph_Driver\src\stm32f4xx_dcmi.c 0x00000000   Number         0  stm32f4xx_dcmi.o ABSOLUTE
    ..\..\Libraries\STM32F4xx_StdPeriph_Driver\src\stm32f4xx_dma.c 0x00000000   Number         0  stm32f4xx_dma.o ABSOLUTE
    ..\..\Libraries\STM32F4xx_StdPeriph_Driver\src\stm32f4xx_exti.c 0x00000000   Number         0  stm32f4xx_exti.o ABSOLUTE
    ..\..\Libraries\STM32F4xx_StdPeriph_Driver\src\stm32f4xx_fsmc.c 0x00000000   Number         0  stm32f4xx_fsmc.o ABSOLUTE
    ..\..\Libraries\STM32F4xx_StdPeriph_Driver\src\stm32f4xx_gpio.c 0x00000000   Number         0  stm32f4xx_gpio.o ABSOLUTE
    ..\..\Libraries\STM32F4xx_StdPeriph_Driver\src\stm32f4xx_pwr.c 0x00000000   Number         0  stm32f4xx_pwr.o ABSOLUTE
    ..\..\Libraries\STM32F4xx_StdPeriph_Driver\src\stm32f4xx_rcc.c 0x00000000   Number         0  stm32f4xx_rcc.o ABSOLUTE
    ..\..\Libraries\STM32F4xx_StdPeriph_Driver\src\stm32f4xx_rtc.c 0x00000000   Number         0  stm32f4xx_rtc.o ABSOLUTE
    ..\..\Libraries\STM32F4xx_StdPeriph_Driver\src\stm32f4xx_sdio.c 0x00000000   Number         0  stm32f4xx_sdio.o ABSOLUTE
    ..\..\Libraries\STM32F4xx_StdPeriph_Driver\src\stm32f4xx_spi.c 0x00000000   Number         0  stm32f4xx_spi.o ABSOLUTE
    ..\..\Libraries\STM32F4xx_StdPeriph_Driver\src\stm32f4xx_syscfg.c 0x00000000   Number         0  stm32f4xx_syscfg.o ABSOLUTE
    ..\..\Libraries\STM32F4xx_StdPeriph_Driver\src\stm32f4xx_tim.c 0x00000000   Number         0  stm32f4xx_tim.o ABSOLUTE
    ..\..\Libraries\STM32F4xx_StdPeriph_Driver\src\stm32f4xx_usart.c 0x00000000   Number         0  stm32f4xx_usart.o ABSOLUTE
    ..\\..\\Libraries\\STM32F4xx_StdPeriph_Driver\\src\\misc.c 0x00000000   Number         0  misc.o ABSOLUTE
    ..\\..\\Libraries\\STM32F4xx_StdPeriph_Driver\\src\\stm32f4xx_dcmi.c 0x00000000   Number         0  stm32f4xx_dcmi.o ABSOLUTE
    ..\\..\\Libraries\\STM32F4xx_StdPeriph_Driver\\src\\stm32f4xx_dma.c 0x00000000   Number         0  stm32f4xx_dma.o ABSOLUTE
    ..\\..\\Libraries\\STM32F4xx_StdPeriph_Driver\\src\\stm32f4xx_exti.c 0x00000000   Number         0  stm32f4xx_exti.o ABSOLUTE
    ..\\..\\Libraries\\STM32F4xx_StdPeriph_Driver\\src\\stm32f4xx_fsmc.c 0x00000000   Number         0  stm32f4xx_fsmc.o ABSOLUTE
    ..\\..\\Libraries\\STM32F4xx_StdPeriph_Driver\\src\\stm32f4xx_gpio.c 0x00000000   Number         0  stm32f4xx_gpio.o ABSOLUTE
    ..\\..\\Libraries\\STM32F4xx_StdPeriph_Driver\\src\\stm32f4xx_pwr.c 0x00000000   Number         0  stm32f4xx_pwr.o ABSOLUTE
    ..\\..\\Libraries\\STM32F4xx_StdPeriph_Driver\\src\\stm32f4xx_rcc.c 0x00000000   Number         0  stm32f4xx_rcc.o ABSOLUTE
    ..\\..\\Libraries\\STM32F4xx_StdPeriph_Driver\\src\\stm32f4xx_rtc.c 0x00000000   Number         0  stm32f4xx_rtc.o ABSOLUTE
    ..\\..\\Libraries\\STM32F4xx_StdPeriph_Driver\\src\\stm32f4xx_sdio.c 0x00000000   Number         0  stm32f4xx_sdio.o ABSOLUTE
    ..\\..\\Libraries\\STM32F4xx_StdPeriph_Driver\\src\\stm32f4xx_spi.c 0x00000000   Number         0  stm32f4xx_spi.o ABSOLUTE
    ..\\..\\Libraries\\STM32F4xx_StdPeriph_Driver\\src\\stm32f4xx_syscfg.c 0x00000000   Number         0  stm32f4xx_syscfg.o ABSOLUTE
    ..\\..\\Libraries\\STM32F4xx_StdPeriph_Driver\\src\\stm32f4xx_tim.c 0x00000000   Number         0  stm32f4xx_tim.o ABSOLUTE
    ..\\..\\Libraries\\STM32F4xx_StdPeriph_Driver\\src\\stm32f4xx_usart.c 0x00000000   Number         0  stm32f4xx_usart.o ABSOLUTE
    ..\\board\\src\\delay.c                  0x00000000   Number         0  delay.o ABSOLUTE
    ..\\board\\src\\key.c                    0x00000000   Number         0  key.o ABSOLUTE
    ..\\board\\src\\lcd.c                    0x00000000   Number         0  lcd.o ABSOLUTE
    ..\\board\\src\\led.c                    0x00000000   Number         0  led.o ABSOLUTE
    ..\\board\\src\\rtc.c                    0x00000000   Number         0  rtc.o ABSOLUTE
    ..\\board\\src\\spi.c                    0x00000000   Number         0  spi.o ABSOLUTE
    ..\\board\\src\\touch.c                  0x00000000   Number         0  touch.o ABSOLUTE
    ..\\board\\src\\usart.c                  0x00000000   Number         0  usart.o ABSOLUTE
    ..\\src\\main.c                          0x00000000   Number         0  main.o ABSOLUTE
    ..\\src\\serial_debug.c                  0x00000000   Number         0  serial_debug.o ABSOLUTE
    ..\\src\\stm32f4xx_it.c                  0x00000000   Number         0  stm32f4xx_it.o ABSOLUTE
    ..\\src\\system_stm32f4xx.c              0x00000000   Number         0  system_stm32f4xx.o ABSOLUTE
    ..\board\src\delay.c                     0x00000000   Number         0  delay.o ABSOLUTE
    ..\board\src\key.c                       0x00000000   Number         0  key.o ABSOLUTE
    ..\board\src\lcd.c                       0x00000000   Number         0  lcd.o ABSOLUTE
    ..\board\src\led.c                       0x00000000   Number         0  led.o ABSOLUTE
    ..\board\src\rtc.c                       0x00000000   Number         0  rtc.o ABSOLUTE
    ..\board\src\spi.c                       0x00000000   Number         0  spi.o ABSOLUTE
    ..\board\src\touch.c                     0x00000000   Number         0  touch.o ABSOLUTE
    ..\board\src\usart.c                     0x00000000   Number         0  usart.o ABSOLUTE
    ..\src\main.c                            0x00000000   Number         0  main.o ABSOLUTE
    ..\src\serial_debug.c                    0x00000000   Number         0  serial_debug.o ABSOLUTE
    ..\src\stm32f4xx_it.c                    0x00000000   Number         0  stm32f4xx_it.o ABSOLUTE
    ..\src\system_stm32f4xx.c                0x00000000   Number         0  system_stm32f4xx.o ABSOLUTE
    dc.s                                     0x00000000   Number         0  dc.o ABSOLUTE
    startup_stm32f4xx.s                      0x00000000   Number         0  startup_stm32f4xx.o ABSOLUTE
    RESET                                    0x08000000   Section      392  startup_stm32f4xx.o(RESET)
    !!!main                                  0x08000188   Section        8  __main.o(!!!main)
    !!!scatter                               0x08000190   Section       52  __scatter.o(!!!scatter)
    !!handler_copy                           0x080001c4   Section       26  __scatter_copy.o(!!handler_copy)
    !!handler_zi                             0x080001e0   Section       28  __scatter_zi.o(!!handler_zi)
    .ARM.Collect$$_printf_percent$$00000000  0x080001fc   Section        0  _printf_percent.o(.ARM.Collect$$_printf_percent$$00000000)
    .ARM.Collect$$_printf_percent$$00000003  0x080001fc   Section        6  _printf_f.o(.ARM.Collect$$_printf_percent$$00000003)
    .ARM.Collect$$_printf_percent$$00000009  0x08000202   Section        6  _printf_d.o(.ARM.Collect$$_printf_percent$$00000009)
    .ARM.Collect$$_printf_percent$$0000000C  0x08000208   Section        6  _printf_x.o(.ARM.Collect$$_printf_percent$$0000000C)
    .ARM.Collect$$_printf_percent$$00000017  0x0800020e   Section        4  _printf_percent_end.o(.ARM.Collect$$_printf_percent$$00000017)
    .ARM.Collect$$libinit$$00000000          0x08000212   Section        2  libinit.o(.ARM.Collect$$libinit$$00000000)
    .ARM.Collect$$libinit$$00000001          0x08000214   Section        4  libinit2.o(.ARM.Collect$$libinit$$00000001)
    .ARM.Collect$$libinit$$00000004          0x08000218   Section        0  libinit2.o(.ARM.Collect$$libinit$$00000004)
    .ARM.Collect$$libinit$$0000000A          0x08000218   Section        0  libinit2.o(.ARM.Collect$$libinit$$0000000A)
    .ARM.Collect$$libinit$$0000000C          0x08000218   Section        0  libinit2.o(.ARM.Collect$$libinit$$0000000C)
    .ARM.Collect$$libinit$$0000000E          0x08000218   Section        0  libinit2.o(.ARM.Collect$$libinit$$0000000E)
    .ARM.Collect$$libinit$$0000000F          0x08000218   Section        6  libinit2.o(.ARM.Collect$$libinit$$0000000F)
    .ARM.Collect$$libinit$$00000011          0x0800021e   Section        0  libinit2.o(.ARM.Collect$$libinit$$00000011)
    .ARM.Collect$$libinit$$00000013          0x0800021e   Section        0  libinit2.o(.ARM.Collect$$libinit$$00000013)
    .ARM.Collect$$libinit$$00000015          0x0800021e   Section        0  libinit2.o(.ARM.Collect$$libinit$$00000015)
    .ARM.Collect$$libinit$$00000016          0x0800021e   Section       10  libinit2.o(.ARM.Collect$$libinit$$00000016)
    .ARM.Collect$$libinit$$00000017          0x08000228   Section        0  libinit2.o(.ARM.Collect$$libinit$$00000017)
    .ARM.Collect$$libinit$$00000019          0x08000228   Section        0  libinit2.o(.ARM.Collect$$libinit$$00000019)
    .ARM.Collect$$libinit$$0000001B          0x08000228   Section        0  libinit2.o(.ARM.Collect$$libinit$$0000001B)
    .ARM.Collect$$libinit$$0000001D          0x08000228   Section        0  libinit2.o(.ARM.Collect$$libinit$$0000001D)
    .ARM.Collect$$libinit$$0000001F          0x08000228   Section        0  libinit2.o(.ARM.Collect$$libinit$$0000001F)
    .ARM.Collect$$libinit$$00000021          0x08000228   Section        0  libinit2.o(.ARM.Collect$$libinit$$00000021)
    .ARM.Collect$$libinit$$00000023          0x08000228   Section        0  libinit2.o(.ARM.Collect$$libinit$$00000023)
    .ARM.Collect$$libinit$$00000025          0x08000228   Section        0  libinit2.o(.ARM.Collect$$libinit$$00000025)
    .ARM.Collect$$libinit$$0000002C          0x08000228   Section        0  libinit2.o(.ARM.Collect$$libinit$$0000002C)
    .ARM.Collect$$libinit$$0000002E          0x08000228   Section        0  libinit2.o(.ARM.Collect$$libinit$$0000002E)
    .ARM.Collect$$libinit$$00000030          0x08000228   Section        0  libinit2.o(.ARM.Collect$$libinit$$00000030)
    .ARM.Collect$$libinit$$00000032          0x08000228   Section        0  libinit2.o(.ARM.Collect$$libinit$$00000032)
    .ARM.Collect$$libinit$$00000033          0x08000228   Section        2  libinit2.o(.ARM.Collect$$libinit$$00000033)
    .ARM.Collect$$libshutdown$$00000000      0x0800022a   Section        2  libshutdown.o(.ARM.Collect$$libshutdown$$00000000)
    .ARM.Collect$$libshutdown$$00000002      0x0800022c   Section        0  libshutdown2.o(.ARM.Collect$$libshutdown$$00000002)
    .ARM.Collect$$libshutdown$$00000004      0x0800022c   Section        0  libshutdown2.o(.ARM.Collect$$libshutdown$$00000004)
    .ARM.Collect$$libshutdown$$00000007      0x0800022c   Section        0  libshutdown2.o(.ARM.Collect$$libshutdown$$00000007)
    .ARM.Collect$$libshutdown$$0000000A      0x0800022c   Section        0  libshutdown2.o(.ARM.Collect$$libshutdown$$0000000A)
    .ARM.Collect$$libshutdown$$0000000C      0x0800022c   Section        0  libshutdown2.o(.ARM.Collect$$libshutdown$$0000000C)
    .ARM.Collect$$libshutdown$$0000000F      0x0800022c   Section        0  libshutdown2.o(.ARM.Collect$$libshutdown$$0000000F)
    .ARM.Collect$$libshutdown$$00000010      0x0800022c   Section        2  libshutdown2.o(.ARM.Collect$$libshutdown$$00000010)
    .ARM.Collect$$rtentry$$00000000          0x0800022e   Section        0  __rtentry.o(.ARM.Collect$$rtentry$$00000000)
    .ARM.Collect$$rtentry$$00000002          0x0800022e   Section        0  __rtentry2.o(.ARM.Collect$$rtentry$$00000002)
    .ARM.Collect$$rtentry$$00000004          0x0800022e   Section        6  __rtentry4.o(.ARM.Collect$$rtentry$$00000004)
    .ARM.Collect$$rtentry$$00000009          0x08000234   Section        0  __rtentry2.o(.ARM.Collect$$rtentry$$00000009)
    .ARM.Collect$$rtentry$$0000000A          0x08000234   Section        4  __rtentry2.o(.ARM.Collect$$rtentry$$0000000A)
    .ARM.Collect$$rtentry$$0000000C          0x08000238   Section        0  __rtentry2.o(.ARM.Collect$$rtentry$$0000000C)
    .ARM.Collect$$rtentry$$0000000D          0x08000238   Section        8  __rtentry2.o(.ARM.Collect$$rtentry$$0000000D)
    .ARM.Collect$$rtexit$$00000000           0x08000240   Section        2  rtexit.o(.ARM.Collect$$rtexit$$00000000)
    .ARM.Collect$$rtexit$$00000002           0x08000242   Section        0  rtexit2.o(.ARM.Collect$$rtexit$$00000002)
    .ARM.Collect$$rtexit$$00000003           0x08000242   Section        4  rtexit2.o(.ARM.Collect$$rtexit$$00000003)
    .ARM.Collect$$rtexit$$00000004           0x08000246   Section        6  rtexit2.o(.ARM.Collect$$rtexit$$00000004)
    .text                                    0x0800024c   Section       80  startup_stm32f4xx.o(.text)
    $v0                                      0x0800024c   Number         0  startup_stm32f4xx.o(.text)
    .text                                    0x0800029c   Section        2  use_no_semi_2.o(.text)
    .text                                    0x080002a0   Section        0  noretval__2printf.o(.text)
    .text                                    0x080002b8   Section        0  noretval__2snprintf.o(.text)
    .text                                    0x080002ec   Section        0  _printf_pad.o(.text)
    .text                                    0x0800033c   Section        0  _printf_dec.o(.text)
    .text                                    0x080003b4   Section        0  _printf_hex_int.o(.text)
    .text                                    0x0800040c   Section        0  __printf_flags_ss_wp.o(.text)
    .text                                    0x08000594   Section       78  rt_memclr_w.o(.text)
    .text                                    0x080005e2   Section        0  heapauxi.o(.text)
    .text                                    0x080005e8   Section        2  use_no_semi.o(.text)
    .text                                    0x080005ea   Section        0  _printf_intcommon.o(.text)
    .text                                    0x0800069c   Section        0  _printf_fp_dec.o(.text)
    _fp_digits                               0x0800069f   Thumb Code   432  _printf_fp_dec.o(.text)
    .text                                    0x08000abc   Section        0  _printf_char_common.o(.text)
    _printf_input_char                       0x08000abd   Thumb Code    10  _printf_char_common.o(.text)
    .text                                    0x08000aec   Section        0  _sputc.o(.text)
    .text                                    0x08000af6   Section        0  _snputc.o(.text)
    .text                                    0x08000b08   Section        0  _printf_char_file.o(.text)
    .text                                    0x08000b2c   Section        8  rt_locale_intlibspace.o(.text)
    .text                                    0x08000b34   Section      138  lludiv10.o(.text)
    .text                                    0x08000bc0   Section        0  _printf_fp_infnan.o(.text)
    .text                                    0x08000c40   Section        0  bigflt0.o(.text)
    .text                                    0x08000d24   Section        0  ferror.o(.text)
    .text                                    0x08000d2c   Section        8  libspace.o(.text)
    .text                                    0x08000d34   Section       74  sys_stackheap_outer.o(.text)
    .text                                    0x08000d7e   Section        0  exit.o(.text)
    .text                                    0x08000d90   Section      128  strcmpv7m.o(.text)
    CL$$btod_d2e                             0x08000e10   Section       62  btod.o(CL$$btod_d2e)
    CL$$btod_d2e_denorm_low                  0x08000e4e   Section       70  btod.o(CL$$btod_d2e_denorm_low)
    CL$$btod_d2e_norm_op1                    0x08000e94   Section       96  btod.o(CL$$btod_d2e_norm_op1)
    CL$$btod_div_common                      0x08000ef4   Section      824  btod.o(CL$$btod_div_common)
    CL$$btod_e2e                             0x0800122c   Section      220  btod.o(CL$$btod_e2e)
    CL$$btod_ediv                            0x08001308   Section       42  btod.o(CL$$btod_ediv)
    CL$$btod_emul                            0x08001332   Section       42  btod.o(CL$$btod_emul)
    CL$$btod_mult_common                     0x0800135c   Section      580  btod.o(CL$$btod_mult_common)
    i.BusFault_Handler                       0x080015a0   Section        0  stm32f4xx_it.o(i.BusFault_Handler)
    i.COM1Init                               0x080015a4   Section        0  usart.o(i.COM1Init)
    i.Calibrate                              0x08001634   Section        0  main.o(i.Calibrate)
    i.DebugMon_Handler                       0x0800167c   Section        0  stm32f4xx_it.o(i.DebugMon_Handler)
    i.Delay                                  0x0800167e   Section        0  delay.o(i.Delay)
    i.FSMC_NORSRAMCmd                        0x08001684   Section        0  stm32f4xx_fsmc.o(i.FSMC_NORSRAMCmd)
    i.FSMC_NORSRAMInit                       0x080016a4   Section        0  stm32f4xx_fsmc.o(i.FSMC_NORSRAMInit)
    i.GPIO_Init                              0x0800176c   Section        0  stm32f4xx_gpio.o(i.GPIO_Init)
    i.GPIO_PinAFConfig                       0x0800180e   Section        0  stm32f4xx_gpio.o(i.GPIO_PinAFConfig)
    i.GPIO_ReadInputDataBit                  0x0800182e   Section        0  stm32f4xx_gpio.o(i.GPIO_ReadInputDataBit)
    i.GPIO_ResetBits                         0x0800183c   Section        0  stm32f4xx_gpio.o(i.GPIO_ResetBits)
    i.GPIO_SetBits                           0x08001840   Section        0  stm32f4xx_gpio.o(i.GPIO_SetBits)
    i.GetMiddleFilterValue                   0x08001844   Section        0  main.o(i.GetMiddleFilterValue)
    i.Get_Key                                0x0800188c   Section        0  key.o(i.Get_Key)
    i.HardFault_Handler                      0x080018ac   Section        0  stm32f4xx_it.o(i.HardFault_Handler)
    i.KEY_Scan                               0x080018c8   Section        0  key.o(i.KEY_Scan)
    i.Key_Init                               0x0800195c   Section        0  key.o(i.Key_Init)
    i.LCD_Char                               0x08001984   Section        0  lcd.o(i.LCD_Char)
    i.LCD_Charmd                             0x08001a0c   Section        0  lcd.o(i.LCD_Charmd)
    i.LCD_Clear                              0x08001a18   Section        0  lcd.o(i.LCD_Clear)
    i.LCD_Cursor                             0x08001a44   Section        0  lcd.o(i.LCD_Cursor)
    i.LCD_Dispmd                             0x08001a5c   Section        0  lcd.o(i.LCD_Dispmd)
    i.LCD_FSMCConf                           0x08001aa4   Section        0  lcd.o(i.LCD_FSMCConf)
    i.LCD_Init                               0x08001afc   Section        0  lcd.o(i.LCD_Init)
    i.LCD_LineConf                           0x08002138   Section        0  lcd.o(i.LCD_LineConf)
    i.LCD_ReadReg                            0x08002260   Section        0  lcd.o(i.LCD_ReadReg)
    i.LCD_SetPoint                           0x08002270   Section        0  lcd.o(i.LCD_SetPoint)
    i.LCD_String                             0x0800228c   Section        0  lcd.o(i.LCD_String)
    i.LCD_WriteReg                           0x080022b0   Section        0  lcd.o(i.LCD_WriteReg)
    i.LED_Init                               0x080022c0   Section        0  led.o(i.LED_Init)
    i.MemManage_Handler                      0x0800231c   Section        0  stm32f4xx_it.o(i.MemManage_Handler)
    i.NMI_Handler                            0x0800231e   Section        0  stm32f4xx_it.o(i.NMI_Handler)
    i.PendSV_Handler                         0x08002320   Section        0  stm32f4xx_it.o(i.PendSV_Handler)
    i.RCC_AHB1PeriphClockCmd                 0x08002324   Section        0  stm32f4xx_rcc.o(i.RCC_AHB1PeriphClockCmd)
    i.RCC_AHB3PeriphClockCmd                 0x0800233c   Section        0  stm32f4xx_rcc.o(i.RCC_AHB3PeriphClockCmd)
    i.RCC_APB2PeriphClockCmd                 0x08002354   Section        0  stm32f4xx_rcc.o(i.RCC_APB2PeriphClockCmd)
    i.RCC_GetClocksFreq                      0x0800236c   Section        0  stm32f4xx_rcc.o(i.RCC_GetClocksFreq)
    i.ReadCount                              0x080023fc   Section        0  main.o(i.ReadCount)
    i.SVC_Handler                            0x0800245c   Section        0  stm32f4xx_it.o(i.SVC_Handler)
    i.Scale_Init                             0x08002460   Section        0  main.o(i.Scale_Init)
    i.SetSysClock                            0x080024a4   Section        0  system_stm32f4xx.o(i.SetSysClock)
    SetSysClock                              0x080024a5   Thumb Code   202  system_stm32f4xx.o(i.SetSysClock)
    i.SysTick_Config                         0x08002588   Section        0  delay.o(i.SysTick_Config)
    SysTick_Config                           0x08002589   Thumb Code    38  delay.o(i.SysTick_Config)
    i.SysTick_Handler                        0x080025b4   Section        0  stm32f4xx_it.o(i.SysTick_Handler)
    i.SystemInit                             0x080025d0   Section        0  system_stm32f4xx.o(i.SystemInit)
    i.USART_ClearFlag                        0x0800262c   Section        0  stm32f4xx_usart.o(i.USART_ClearFlag)
    i.USART_Cmd                              0x08002632   Section        0  stm32f4xx_usart.o(i.USART_Cmd)
    i.USART_GetFlagStatus                    0x08002646   Section        0  stm32f4xx_usart.o(i.USART_GetFlagStatus)
    i.USART_Init                             0x08002654   Section        0  stm32f4xx_usart.o(i.USART_Init)
    i.USART_SendData                         0x08002700   Section        0  stm32f4xx_usart.o(i.USART_SendData)
    i.UsageFault_Handler                     0x08002708   Section        0  stm32f4xx_it.o(i.UsageFault_Handler)
    i.__ARM_fpclassify                       0x0800270a   Section        0  fpclassify.o(i.__ARM_fpclassify)
    i._is_digit                              0x0800273a   Section        0  __printf_wp.o(i._is_digit)
    i._sys_exit                              0x08002748   Section        0  usart.o(i._sys_exit)
    i.delay_ms                               0x0800274c   Section        0  delay.o(i.delay_ms)
    i.fputc                                  0x08002770   Section        0  usart.o(i.fputc)
    i.main                                   0x08002794   Section        0  main.o(i.main)
    locale$$code                             0x08002968   Section       44  lc_numeric_c.o(locale$$code)
    x$fpl$dretinf                            0x08002994   Section       12  dretinf.o(x$fpl$dretinf)
    $v0                                      0x08002994   Number         0  dretinf.o(x$fpl$dretinf)
    x$fpl$f2d                                0x080029a0   Section       86  f2d.o(x$fpl$f2d)
    $v0                                      0x080029a0   Number         0  f2d.o(x$fpl$f2d)
    x$fpl$fnaninf                            0x080029f6   Section      140  fnaninf.o(x$fpl$fnaninf)
    $v0                                      0x080029f6   Number         0  fnaninf.o(x$fpl$fnaninf)
    x$fpl$fpinit                             0x08002a82   Section       10  fpinit.o(x$fpl$fpinit)
    $v0                                      0x08002a82   Number         0  fpinit.o(x$fpl$fpinit)
    x$fpl$printf1                            0x08002a8c   Section        4  printf1.o(x$fpl$printf1)
    $v0                                      0x08002a8c   Number         0  printf1.o(x$fpl$printf1)
    .constdata                               0x08002a90   Section       24  key.o(.constdata)
    x$fpl$usenofp                            0x08002a90   Section        0  usenofp.o(x$fpl$usenofp)
    KEY_PNS                                  0x08002a90   Data           4  key.o(.constdata)
    KEY_IRQ                                  0x08002a94   Data           4  key.o(.constdata)
    KEY_PIN                                  0x08002a98   Data           8  key.o(.constdata)
    KEY_SRC                                  0x08002aa0   Data           8  key.o(.constdata)
    .constdata                               0x08002aa8   Section     2660  lcd.o(.constdata)
    asc2_1206                                0x08002aa8   Data        1140  lcd.o(.constdata)
    asc2_1608                                0x08002f1c   Data        1520  lcd.o(.constdata)
    .constdata                               0x0800350c   Section       40  _printf_hex_int.o(.constdata)
    uc_hextab                                0x0800350c   Data          20  _printf_hex_int.o(.constdata)
    lc_hextab                                0x08003520   Data          20  _printf_hex_int.o(.constdata)
    .constdata                               0x08003534   Section       17  __printf_flags_ss_wp.o(.constdata)
    maptable                                 0x08003534   Data          17  __printf_flags_ss_wp.o(.constdata)
    .constdata                               0x08003548   Section      148  bigflt0.o(.constdata)
    tenpwrs_x                                0x08003548   Data          60  bigflt0.o(.constdata)
    tenpwrs_i                                0x08003584   Data          64  bigflt0.o(.constdata)
    locale$$data                             0x080035fc   Section       28  lc_numeric_c.o(locale$$data)
    __lcnum_c_name                           0x08003600   Data           2  lc_numeric_c.o(locale$$data)
    __lcnum_c_start                          0x08003608   Data           0  lc_numeric_c.o(locale$$data)
    __lcnum_c_point                          0x08003614   Data           0  lc_numeric_c.o(locale$$data)
    __lcnum_c_thousands                      0x08003616   Data           0  lc_numeric_c.o(locale$$data)
    __lcnum_c_grouping                       0x08003617   Data           0  lc_numeric_c.o(locale$$data)
    __lcnum_c_end                            0x08003618   Data           0  lc_numeric_c.o(locale$$data)
    .data                                    0x20000000   Section        4  main.o(.data)
    .data                                    0x20000004   Section       40  main.o(.data)
    .data                                    0x2000002c   Section       24  system_stm32f4xx.o(.data)
    .data                                    0x20000044   Section        1  key.o(.data)
    key_up                                   0x20000044   Data           1  key.o(.data)
    .data                                    0x20000048   Section        4  delay.o(.data)
    .data                                    0x2000004c   Section        4  lcd.o(.data)
    .data                                    0x20000050   Section        4  usart.o(.data)
    .data                                    0x20000054   Section       16  stm32f4xx_rcc.o(.data)
    APBAHBPrescTable                         0x20000054   Data          16  stm32f4xx_rcc.o(.data)
    .bss                                     0x20000064   Section       48  main.o(.bss)
    .bss                                     0x20000094   Section       96  libspace.o(.bss)
    HEAP                                     0x200000f8   Section      512  startup_stm32f4xx.o(HEAP)
    Heap_Mem                                 0x200000f8   Data         512  startup_stm32f4xx.o(HEAP)
    STACK                                    0x200002f8   Section     1024  startup_stm32f4xx.o(STACK)
    Stack_Mem                                0x200002f8   Data        1024  startup_stm32f4xx.o(STACK)
    __initial_sp                             0x200006f8   Data           0  startup_stm32f4xx.o(STACK)

    Global Symbols

    Symbol Name                              Value     Ov Type        Size  Object(Section)

    BuildAttributes$$THM_ISAv4$E$P$D$K$B$S$7EM$VFPi3$EXTD16$VFPS$VFMA$PE$A:L22UL41UL21$X:L11$S22US41US21$IEEE1$IW$USESV6$~STKCKD$USESV7$~SHL$OTIME$ROPI$IEEEJ$EBA8$UX$STANDARDLIB$REQ8$PRES8$EABIv2 0x00000000   Number         0  anon$$obj.o ABSOLUTE
    __ARM_use_no_argv                        0x00000000   Number         0  main.o ABSOLUTE
    _printf_flags                            0x00000000   Number         0  printf_stubs.o ABSOLUTE
    _printf_return_value                     0x00000000   Number         0  printf_stubs.o ABSOLUTE
    _printf_sizespec                         0x00000000   Number         0  printf_stubs.o ABSOLUTE
    _printf_widthprec                        0x00000000   Number         0  printf_stubs.o ABSOLUTE
    __ARM_exceptions_init                     - Undefined Weak Reference
    __alloca_initialize                       - Undefined Weak Reference
    __arm_preinit_                            - Undefined Weak Reference
    __cpp_initialize__aeabi_                  - Undefined Weak Reference
    __cxa_finalize                            - Undefined Weak Reference
    __sigvec_lookup                           - Undefined Weak Reference
    _atexit_init                              - Undefined Weak Reference
    _call_atexit_fns                          - Undefined Weak Reference
    _clock_init                               - Undefined Weak Reference
    _fp_trap_init                             - Undefined Weak Reference
    _fp_trap_shutdown                         - Undefined Weak Reference
    _get_lc_collate                           - Undefined Weak Reference
    _get_lc_ctype                             - Undefined Weak Reference
    _get_lc_monetary                          - Undefined Weak Reference
    _get_lc_time                              - Undefined Weak Reference
    _getenv_init                              - Undefined Weak Reference
    _handle_redirection                       - Undefined Weak Reference
    _init_alloc                               - Undefined Weak Reference
    _init_user_alloc                          - Undefined Weak Reference
    _initio                                   - Undefined Weak Reference
    _mutex_acquire                            - Undefined Weak Reference
    _mutex_release                            - Undefined Weak Reference
    _printf_truncate_signed                   - Undefined Weak Reference
    _printf_truncate_unsigned                 - Undefined Weak Reference
    _rand_init                                - Undefined Weak Reference
    _signal_finish                            - Undefined Weak Reference
    _signal_init                              - Undefined Weak Reference
    _terminate_alloc                          - Undefined Weak Reference
    _terminate_user_alloc                     - Undefined Weak Reference
    _terminateio                              - Undefined Weak Reference
    __Vectors_Size                           0x00000188   Number         0  startup_stm32f4xx.o ABSOLUTE
    __Vectors                                0x08000000   Data           4  startup_stm32f4xx.o(RESET)
    __Vectors_End                            0x08000188   Data           0  startup_stm32f4xx.o(RESET)
    __main                                   0x08000189   Thumb Code     8  __main.o(!!!main)
    __scatterload                            0x08000191   Thumb Code     0  __scatter.o(!!!scatter)
    __scatterload_rt2                        0x08000191   Thumb Code    44  __scatter.o(!!!scatter)
    __scatterload_rt2_thumb_only             0x08000191   Thumb Code     0  __scatter.o(!!!scatter)
    __scatterload_null                       0x0800019f   Thumb Code     0  __scatter.o(!!!scatter)
    __scatterload_copy                       0x080001c5   Thumb Code    26  __scatter_copy.o(!!handler_copy)
    __scatterload_zeroinit                   0x080001e1   Thumb Code    28  __scatter_zi.o(!!handler_zi)
    _printf_f                                0x080001fd   Thumb Code     0  _printf_f.o(.ARM.Collect$$_printf_percent$$00000003)
    _printf_percent                          0x080001fd   Thumb Code     0  _printf_percent.o(.ARM.Collect$$_printf_percent$$00000000)
    _printf_d                                0x08000203   Thumb Code     0  _printf_d.o(.ARM.Collect$$_printf_percent$$00000009)
    _printf_x                                0x08000209   Thumb Code     0  _printf_x.o(.ARM.Collect$$_printf_percent$$0000000C)
    _printf_percent_end                      0x0800020f   Thumb Code     0  _printf_percent_end.o(.ARM.Collect$$_printf_percent$$00000017)
    __rt_lib_init                            0x08000213   Thumb Code     0  libinit.o(.ARM.Collect$$libinit$$00000000)
    __rt_lib_init_fp_1                       0x08000215   Thumb Code     0  libinit2.o(.ARM.Collect$$libinit$$00000001)
    __rt_lib_init_heap_1                     0x08000219   Thumb Code     0  libinit2.o(.ARM.Collect$$libinit$$0000000A)
    __rt_lib_init_lc_common                  0x08000219   Thumb Code     0  libinit2.o(.ARM.Collect$$libinit$$0000000F)
    __rt_lib_init_preinit_1                  0x08000219   Thumb Code     0  libinit2.o(.ARM.Collect$$libinit$$00000004)
    __rt_lib_init_rand_1                     0x08000219   Thumb Code     0  libinit2.o(.ARM.Collect$$libinit$$0000000E)
    __rt_lib_init_user_alloc_1               0x08000219   Thumb Code     0  libinit2.o(.ARM.Collect$$libinit$$0000000C)
    __rt_lib_init_lc_collate_1               0x0800021f   Thumb Code     0  libinit2.o(.ARM.Collect$$libinit$$00000011)
    __rt_lib_init_lc_ctype_1                 0x0800021f   Thumb Code     0  libinit2.o(.ARM.Collect$$libinit$$00000013)
    __rt_lib_init_lc_monetary_1              0x0800021f   Thumb Code     0  libinit2.o(.ARM.Collect$$libinit$$00000015)
    __rt_lib_init_lc_numeric_2               0x0800021f   Thumb Code     0  libinit2.o(.ARM.Collect$$libinit$$00000016)
    __rt_lib_init_alloca_1                   0x08000229   Thumb Code     0  libinit2.o(.ARM.Collect$$libinit$$0000002E)
    __rt_lib_init_argv_1                     0x08000229   Thumb Code     0  libinit2.o(.ARM.Collect$$libinit$$0000002C)
    __rt_lib_init_atexit_1                   0x08000229   Thumb Code     0  libinit2.o(.ARM.Collect$$libinit$$0000001B)
    __rt_lib_init_clock_1                    0x08000229   Thumb Code     0  libinit2.o(.ARM.Collect$$libinit$$00000021)
    __rt_lib_init_cpp_1                      0x08000229   Thumb Code     0  libinit2.o(.ARM.Collect$$libinit$$00000032)
    __rt_lib_init_exceptions_1               0x08000229   Thumb Code     0  libinit2.o(.ARM.Collect$$libinit$$00000030)
    __rt_lib_init_fp_trap_1                  0x08000229   Thumb Code     0  libinit2.o(.ARM.Collect$$libinit$$0000001F)
    __rt_lib_init_getenv_1                   0x08000229   Thumb Code     0  libinit2.o(.ARM.Collect$$libinit$$00000023)
    __rt_lib_init_lc_numeric_1               0x08000229   Thumb Code     0  libinit2.o(.ARM.Collect$$libinit$$00000017)
    __rt_lib_init_lc_time_1                  0x08000229   Thumb Code     0  libinit2.o(.ARM.Collect$$libinit$$00000019)
    __rt_lib_init_return                     0x08000229   Thumb Code     0  libinit2.o(.ARM.Collect$$libinit$$00000033)
    __rt_lib_init_signal_1                   0x08000229   Thumb Code     0  libinit2.o(.ARM.Collect$$libinit$$0000001D)
    __rt_lib_init_stdio_1                    0x08000229   Thumb Code     0  libinit2.o(.ARM.Collect$$libinit$$00000025)
    __rt_lib_shutdown                        0x0800022b   Thumb Code     0  libshutdown.o(.ARM.Collect$$libshutdown$$00000000)
    __rt_lib_shutdown_cpp_1                  0x0800022d   Thumb Code     0  libshutdown2.o(.ARM.Collect$$libshutdown$$00000002)
    __rt_lib_shutdown_fp_trap_1              0x0800022d   Thumb Code     0  libshutdown2.o(.ARM.Collect$$libshutdown$$00000007)
    __rt_lib_shutdown_heap_1                 0x0800022d   Thumb Code     0  libshutdown2.o(.ARM.Collect$$libshutdown$$0000000F)
    __rt_lib_shutdown_return                 0x0800022d   Thumb Code     0  libshutdown2.o(.ARM.Collect$$libshutdown$$00000010)
    __rt_lib_shutdown_signal_1               0x0800022d   Thumb Code     0  libshutdown2.o(.ARM.Collect$$libshutdown$$0000000A)
    __rt_lib_shutdown_stdio_1                0x0800022d   Thumb Code     0  libshutdown2.o(.ARM.Collect$$libshutdown$$00000004)
    __rt_lib_shutdown_user_alloc_1           0x0800022d   Thumb Code     0  libshutdown2.o(.ARM.Collect$$libshutdown$$0000000C)
    __rt_entry                               0x0800022f   Thumb Code     0  __rtentry.o(.ARM.Collect$$rtentry$$00000000)
    __rt_entry_presh_1                       0x0800022f   Thumb Code     0  __rtentry2.o(.ARM.Collect$$rtentry$$00000002)
    __rt_entry_sh                            0x0800022f   Thumb Code     0  __rtentry4.o(.ARM.Collect$$rtentry$$00000004)
    __rt_entry_li                            0x08000235   Thumb Code     0  __rtentry2.o(.ARM.Collect$$rtentry$$0000000A)
    __rt_entry_postsh_1                      0x08000235   Thumb Code     0  __rtentry2.o(.ARM.Collect$$rtentry$$00000009)
    __rt_entry_main                          0x08000239   Thumb Code     0  __rtentry2.o(.ARM.Collect$$rtentry$$0000000D)
    __rt_entry_postli_1                      0x08000239   Thumb Code     0  __rtentry2.o(.ARM.Collect$$rtentry$$0000000C)
    __rt_exit                                0x08000241   Thumb Code     0  rtexit.o(.ARM.Collect$$rtexit$$00000000)
    __rt_exit_ls                             0x08000243   Thumb Code     0  rtexit2.o(.ARM.Collect$$rtexit$$00000003)
    __rt_exit_prels_1                        0x08000243   Thumb Code     0  rtexit2.o(.ARM.Collect$$rtexit$$00000002)
    __rt_exit_exit                           0x08000247   Thumb Code     0  rtexit2.o(.ARM.Collect$$rtexit$$00000004)
    Reset_Handler                            0x0800024d   Thumb Code    18  startup_stm32f4xx.o(.text)
    ADC_IRQHandler                           0x08000271   Thumb Code     0  startup_stm32f4xx.o(.text)
    CAN1_RX0_IRQHandler                      0x08000271   Thumb Code     0  startup_stm32f4xx.o(.text)
    CAN1_RX1_IRQHandler                      0x08000271   Thumb Code     0  startup_stm32f4xx.o(.text)
    CAN1_SCE_IRQHandler                      0x08000271   Thumb Code     0  startup_stm32f4xx.o(.text)
    CAN1_TX_IRQHandler                       0x08000271   Thumb Code     0  startup_stm32f4xx.o(.text)
    CAN2_RX0_IRQHandler                      0x08000271   Thumb Code     0  startup_stm32f4xx.o(.text)
    CAN2_RX1_IRQHandler                      0x08000271   Thumb Code     0  startup_stm32f4xx.o(.text)
    CAN2_SCE_IRQHandler                      0x08000271   Thumb Code     0  startup_stm32f4xx.o(.text)
    CAN2_TX_IRQHandler                       0x08000271   Thumb Code     0  startup_stm32f4xx.o(.text)
    CRYP_IRQHandler                          0x08000271   Thumb Code     0  startup_stm32f4xx.o(.text)
    DCMI_IRQHandler                          0x08000271   Thumb Code     0  startup_stm32f4xx.o(.text)
    DMA1_Stream0_IRQHandler                  0x08000271   Thumb Code     0  startup_stm32f4xx.o(.text)
    DMA1_Stream1_IRQHandler                  0x08000271   Thumb Code     0  startup_stm32f4xx.o(.text)
    DMA1_Stream2_IRQHandler                  0x08000271   Thumb Code     0  startup_stm32f4xx.o(.text)
    DMA1_Stream3_IRQHandler                  0x08000271   Thumb Code     0  startup_stm32f4xx.o(.text)
    DMA1_Stream4_IRQHandler                  0x08000271   Thumb Code     0  startup_stm32f4xx.o(.text)
    DMA1_Stream5_IRQHandler                  0x08000271   Thumb Code     0  startup_stm32f4xx.o(.text)
    DMA1_Stream6_IRQHandler                  0x08000271   Thumb Code     0  startup_stm32f4xx.o(.text)
    DMA1_Stream7_IRQHandler                  0x08000271   Thumb Code     0  startup_stm32f4xx.o(.text)
    DMA2_Stream0_IRQHandler                  0x08000271   Thumb Code     0  startup_stm32f4xx.o(.text)
    DMA2_Stream1_IRQHandler                  0x08000271   Thumb Code     0  startup_stm32f4xx.o(.text)
    DMA2_Stream2_IRQHandler                  0x08000271   Thumb Code     0  startup_stm32f4xx.o(.text)
    DMA2_Stream3_IRQHandler                  0x08000271   Thumb Code     0  startup_stm32f4xx.o(.text)
    DMA2_Stream4_IRQHandler                  0x08000271   Thumb Code     0  startup_stm32f4xx.o(.text)
    DMA2_Stream5_IRQHandler                  0x08000271   Thumb Code     0  startup_stm32f4xx.o(.text)
    DMA2_Stream6_IRQHandler                  0x08000271   Thumb Code     0  startup_stm32f4xx.o(.text)
    DMA2_Stream7_IRQHandler                  0x08000271   Thumb Code     0  startup_stm32f4xx.o(.text)
    ETH_IRQHandler                           0x08000271   Thumb Code     0  startup_stm32f4xx.o(.text)
    ETH_WKUP_IRQHandler                      0x08000271   Thumb Code     0  startup_stm32f4xx.o(.text)
    EXTI0_IRQHandler                         0x08000271   Thumb Code     0  startup_stm32f4xx.o(.text)
    EXTI15_10_IRQHandler                     0x08000271   Thumb Code     0  startup_stm32f4xx.o(.text)
    EXTI1_IRQHandler                         0x08000271   Thumb Code     0  startup_stm32f4xx.o(.text)
    EXTI2_IRQHandler                         0x08000271   Thumb Code     0  startup_stm32f4xx.o(.text)
    EXTI3_IRQHandler                         0x08000271   Thumb Code     0  startup_stm32f4xx.o(.text)
    EXTI4_IRQHandler                         0x08000271   Thumb Code     0  startup_stm32f4xx.o(.text)
    EXTI9_5_IRQHandler                       0x08000271   Thumb Code     0  startup_stm32f4xx.o(.text)
    FLASH_IRQHandler                         0x08000271   Thumb Code     0  startup_stm32f4xx.o(.text)
    FPU_IRQHandler                           0x08000271   Thumb Code     0  startup_stm32f4xx.o(.text)
    FSMC_IRQHandler                          0x08000271   Thumb Code     0  startup_stm32f4xx.o(.text)
    HASH_RNG_IRQHandler                      0x08000271   Thumb Code     0  startup_stm32f4xx.o(.text)
    I2C1_ER_IRQHandler                       0x08000271   Thumb Code     0  startup_stm32f4xx.o(.text)
    I2C1_EV_IRQHandler                       0x08000271   Thumb Code     0  startup_stm32f4xx.o(.text)
    I2C2_ER_IRQHandler                       0x08000271   Thumb Code     0  startup_stm32f4xx.o(.text)
    I2C2_EV_IRQHandler                       0x08000271   Thumb Code     0  startup_stm32f4xx.o(.text)
    I2C3_ER_IRQHandler                       0x08000271   Thumb Code     0  startup_stm32f4xx.o(.text)
    I2C3_EV_IRQHandler                       0x08000271   Thumb Code     0  startup_stm32f4xx.o(.text)
    OTG_FS_IRQHandler                        0x08000271   Thumb Code     0  startup_stm32f4xx.o(.text)
    OTG_FS_WKUP_IRQHandler                   0x08000271   Thumb Code     0  startup_stm32f4xx.o(.text)
    OTG_HS_EP1_IN_IRQHandler                 0x08000271   Thumb Code     0  startup_stm32f4xx.o(.text)
    OTG_HS_EP1_OUT_IRQHandler                0x08000271   Thumb Code     0  startup_stm32f4xx.o(.text)
    OTG_HS_IRQHandler                        0x08000271   Thumb Code     0  startup_stm32f4xx.o(.text)
    OTG_HS_WKUP_IRQHandler                   0x08000271   Thumb Code     0  startup_stm32f4xx.o(.text)
    PVD_IRQHandler                           0x08000271   Thumb Code     0  startup_stm32f4xx.o(.text)
    RCC_IRQHandler                           0x08000271   Thumb Code     0  startup_stm32f4xx.o(.text)
    RTC_Alarm_IRQHandler                     0x08000271   Thumb Code     0  startup_stm32f4xx.o(.text)
    RTC_WKUP_IRQHandler                      0x08000271   Thumb Code     0  startup_stm32f4xx.o(.text)
    SDIO_IRQHandler                          0x08000271   Thumb Code     0  startup_stm32f4xx.o(.text)
    SPI1_IRQHandler                          0x08000271   Thumb Code     0  startup_stm32f4xx.o(.text)
    SPI2_IRQHandler                          0x08000271   Thumb Code     0  startup_stm32f4xx.o(.text)
    SPI3_IRQHandler                          0x08000271   Thumb Code     0  startup_stm32f4xx.o(.text)
    TAMP_STAMP_IRQHandler                    0x08000271   Thumb Code     0  startup_stm32f4xx.o(.text)
    TIM1_BRK_TIM9_IRQHandler                 0x08000271   Thumb Code     0  startup_stm32f4xx.o(.text)
    TIM1_CC_IRQHandler                       0x08000271   Thumb Code     0  startup_stm32f4xx.o(.text)
    TIM1_TRG_COM_TIM11_IRQHandler            0x08000271   Thumb Code     0  startup_stm32f4xx.o(.text)
    TIM1_UP_TIM10_IRQHandler                 0x08000271   Thumb Code     0  startup_stm32f4xx.o(.text)
    TIM2_IRQHandler                          0x08000271   Thumb Code     0  startup_stm32f4xx.o(.text)
    TIM3_IRQHandler                          0x08000271   Thumb Code     0  startup_stm32f4xx.o(.text)
    TIM4_IRQHandler                          0x08000271   Thumb Code     0  startup_stm32f4xx.o(.text)
    TIM5_IRQHandler                          0x08000271   Thumb Code     0  startup_stm32f4xx.o(.text)
    TIM6_DAC_IRQHandler                      0x08000271   Thumb Code     0  startup_stm32f4xx.o(.text)
    TIM7_IRQHandler                          0x08000271   Thumb Code     0  startup_stm32f4xx.o(.text)
    TIM8_BRK_TIM12_IRQHandler                0x08000271   Thumb Code     0  startup_stm32f4xx.o(.text)
    TIM8_CC_IRQHandler                       0x08000271   Thumb Code     0  startup_stm32f4xx.o(.text)
    TIM8_TRG_COM_TIM14_IRQHandler            0x08000271   Thumb Code     0  startup_stm32f4xx.o(.text)
    TIM8_UP_TIM13_IRQHandler                 0x08000271   Thumb Code     0  startup_stm32f4xx.o(.text)
    UART4_IRQHandler                         0x08000271   Thumb Code     0  startup_stm32f4xx.o(.text)
    UART5_IRQHandler                         0x08000271   Thumb Code     0  startup_stm32f4xx.o(.text)
    USART1_IRQHandler                        0x08000271   Thumb Code     0  startup_stm32f4xx.o(.text)
    USART2_IRQHandler                        0x08000271   Thumb Code     0  startup_stm32f4xx.o(.text)
    USART3_IRQHandler                        0x08000271   Thumb Code     0  startup_stm32f4xx.o(.text)
    USART6_IRQHandler                        0x08000271   Thumb Code     0  startup_stm32f4xx.o(.text)
    WWDG_IRQHandler                          0x08000271   Thumb Code     0  startup_stm32f4xx.o(.text)
    __user_initial_stackheap                 0x08000275   Thumb Code     0  startup_stm32f4xx.o(.text)
    __use_no_semihosting                     0x0800029d   Thumb Code     2  use_no_semi_2.o(.text)
    __2printf                                0x080002a1   Thumb Code    20  noretval__2printf.o(.text)
    __2snprintf                              0x080002b9   Thumb Code    48  noretval__2snprintf.o(.text)
    _printf_pre_padding                      0x080002ed   Thumb Code    44  _printf_pad.o(.text)
    _printf_post_padding                     0x08000319   Thumb Code    34  _printf_pad.o(.text)
    _printf_int_dec                          0x0800033d   Thumb Code   104  _printf_dec.o(.text)
    _printf_int_hex                          0x080003b5   Thumb Code    84  _printf_hex_int.o(.text)
    _printf_longlong_hex                     0x080003b5   Thumb Code     0  _printf_hex_int.o(.text)
    __printf                                 0x0800040d   Thumb Code   388  __printf_flags_ss_wp.o(.text)
    __aeabi_memclr4                          0x08000595   Thumb Code     0  rt_memclr_w.o(.text)
    __aeabi_memclr8                          0x08000595   Thumb Code     0  rt_memclr_w.o(.text)
    __rt_memclr_w                            0x08000595   Thumb Code    78  rt_memclr_w.o(.text)
    _memset_w                                0x08000599   Thumb Code     0  rt_memclr_w.o(.text)
    __use_two_region_memory                  0x080005e3   Thumb Code     2  heapauxi.o(.text)
    __rt_heap_escrow$2region                 0x080005e5   Thumb Code     2  heapauxi.o(.text)
    __rt_heap_expand$2region                 0x080005e7   Thumb Code     2  heapauxi.o(.text)
    __I$use$semihosting                      0x080005e9   Thumb Code     0  use_no_semi.o(.text)
    __use_no_semihosting_swi                 0x080005e9   Thumb Code     2  use_no_semi.o(.text)
    _printf_int_common                       0x080005eb   Thumb Code   178  _printf_intcommon.o(.text)
    __lib_sel_fp_printf                      0x0800069d   Thumb Code     2  _printf_fp_dec.o(.text)
    _printf_fp_dec_real                      0x0800084f   Thumb Code   620  _printf_fp_dec.o(.text)
    _printf_char_common                      0x08000ac7   Thumb Code    32  _printf_char_common.o(.text)
    _sputc                                   0x08000aed   Thumb Code    10  _sputc.o(.text)
    _snputc                                  0x08000af7   Thumb Code    16  _snputc.o(.text)
    _printf_char_file                        0x08000b09   Thumb Code    32  _printf_char_file.o(.text)
    __rt_locale                              0x08000b2d   Thumb Code     8  rt_locale_intlibspace.o(.text)
    _ll_udiv10                               0x08000b35   Thumb Code   138  lludiv10.o(.text)
    _printf_fp_infnan                        0x08000bc1   Thumb Code   112  _printf_fp_infnan.o(.text)
    _btod_etento                             0x08000c41   Thumb Code   224  bigflt0.o(.text)
    ferror                                   0x08000d25   Thumb Code     8  ferror.o(.text)
    __user_libspace                          0x08000d2d   Thumb Code     8  libspace.o(.text)
    __user_perproc_libspace                  0x08000d2d   Thumb Code     0  libspace.o(.text)
    __user_perthread_libspace                0x08000d2d   Thumb Code     0  libspace.o(.text)
    __user_setup_stackheap                   0x08000d35   Thumb Code    74  sys_stackheap_outer.o(.text)
    exit                                     0x08000d7f   Thumb Code    18  exit.o(.text)
    strcmp                                   0x08000d91   Thumb Code   128  strcmpv7m.o(.text)
    _btod_d2e                                0x08000e11   Thumb Code    62  btod.o(CL$$btod_d2e)
    _d2e_denorm_low                          0x08000e4f   Thumb Code    70  btod.o(CL$$btod_d2e_denorm_low)
    _d2e_norm_op1                            0x08000e95   Thumb Code    96  btod.o(CL$$btod_d2e_norm_op1)
    __btod_div_common                        0x08000ef5   Thumb Code   696  btod.o(CL$$btod_div_common)
    _e2e                                     0x0800122d   Thumb Code   220  btod.o(CL$$btod_e2e)
    _btod_ediv                               0x08001309   Thumb Code    42  btod.o(CL$$btod_ediv)
    _btod_emul                               0x08001333   Thumb Code    42  btod.o(CL$$btod_emul)
    __btod_mult_common                       0x0800135d   Thumb Code   580  btod.o(CL$$btod_mult_common)
    BusFault_Handler                         0x080015a1   Thumb Code     2  stm32f4xx_it.o(i.BusFault_Handler)
    COM1Init                                 0x080015a5   Thumb Code   134  usart.o(i.COM1Init)
    Calibrate                                0x08001635   Thumb Code    68  main.o(i.Calibrate)
    DebugMon_Handler                         0x0800167d   Thumb Code     2  stm32f4xx_it.o(i.DebugMon_Handler)
    Delay                                    0x0800167f   Thumb Code     6  delay.o(i.Delay)
    FSMC_NORSRAMCmd                          0x08001685   Thumb Code    26  stm32f4xx_fsmc.o(i.FSMC_NORSRAMCmd)
    FSMC_NORSRAMInit                         0x080016a5   Thumb Code   200  stm32f4xx_fsmc.o(i.FSMC_NORSRAMInit)
    GPIO_Init                                0x0800176d   Thumb Code   162  stm32f4xx_gpio.o(i.GPIO_Init)
    GPIO_PinAFConfig                         0x0800180f   Thumb Code    32  stm32f4xx_gpio.o(i.GPIO_PinAFConfig)
    GPIO_ReadInputDataBit                    0x0800182f   Thumb Code    14  stm32f4xx_gpio.o(i.GPIO_ReadInputDataBit)
    GPIO_ResetBits                           0x0800183d   Thumb Code     4  stm32f4xx_gpio.o(i.GPIO_ResetBits)
    GPIO_SetBits                             0x08001841   Thumb Code     4  stm32f4xx_gpio.o(i.GPIO_SetBits)
    GetMiddleFilterValue                     0x08001845   Thumb Code    68  main.o(i.GetMiddleFilterValue)
    Get_Key                                  0x0800188d   Thumb Code    22  key.o(i.Get_Key)
    HardFault_Handler                        0x080018ad   Thumb Code    14  stm32f4xx_it.o(i.HardFault_Handler)
    KEY_Scan                                 0x080018c9   Thumb Code   138  key.o(i.KEY_Scan)
    Key_Init                                 0x0800195d   Thumb Code    36  key.o(i.Key_Init)
    LCD_Char                                 0x08001985   Thumb Code   124  lcd.o(i.LCD_Char)
    LCD_Charmd                               0x08001a0d   Thumb Code     8  lcd.o(i.LCD_Charmd)
    LCD_Clear                                0x08001a19   Thumb Code    40  lcd.o(i.LCD_Clear)
    LCD_Cursor                               0x08001a45   Thumb Code    24  lcd.o(i.LCD_Cursor)
    LCD_Dispmd                               0x08001a5d   Thumb Code    72  lcd.o(i.LCD_Dispmd)
    LCD_FSMCConf                             0x08001aa5   Thumb Code    86  lcd.o(i.LCD_FSMCConf)
    LCD_Init                                 0x08001afd   Thumb Code  1592  lcd.o(i.LCD_Init)
    LCD_LineConf                             0x08002139   Thumb Code   288  lcd.o(i.LCD_LineConf)
    LCD_ReadReg                              0x08002261   Thumb Code    12  lcd.o(i.LCD_ReadReg)
    LCD_SetPoint                             0x08002271   Thumb Code    22  lcd.o(i.LCD_SetPoint)
    LCD_String                               0x0800228d   Thumb Code    36  lcd.o(i.LCD_String)
    LCD_WriteReg                             0x080022b1   Thumb Code    12  lcd.o(i.LCD_WriteReg)
    LED_Init                                 0x080022c1   Thumb Code    84  led.o(i.LED_Init)
    MemManage_Handler                        0x0800231d   Thumb Code     2  stm32f4xx_it.o(i.MemManage_Handler)
    NMI_Handler                              0x0800231f   Thumb Code     2  stm32f4xx_it.o(i.NMI_Handler)
    PendSV_Handler                           0x08002321   Thumb Code     2  stm32f4xx_it.o(i.PendSV_Handler)
    RCC_AHB1PeriphClockCmd                   0x08002325   Thumb Code    18  stm32f4xx_rcc.o(i.RCC_AHB1PeriphClockCmd)
    RCC_AHB3PeriphClockCmd                   0x0800233d   Thumb Code    18  stm32f4xx_rcc.o(i.RCC_AHB3PeriphClockCmd)
    RCC_APB2PeriphClockCmd                   0x08002355   Thumb Code    18  stm32f4xx_rcc.o(i.RCC_APB2PeriphClockCmd)
    RCC_GetClocksFreq                        0x0800236d   Thumb Code   132  stm32f4xx_rcc.o(i.RCC_GetClocksFreq)
    ReadCount                                0x080023fd   Thumb Code    92  main.o(i.ReadCount)
    SVC_Handler                              0x0800245d   Thumb Code     2  stm32f4xx_it.o(i.SVC_Handler)
    Scale_Init                               0x08002461   Thumb Code    64  main.o(i.Scale_Init)
    SysTick_Handler                          0x080025b5   Thumb Code    20  stm32f4xx_it.o(i.SysTick_Handler)
    SystemInit                               0x080025d1   Thumb Code    74  system_stm32f4xx.o(i.SystemInit)
    USART_ClearFlag                          0x0800262d   Thumb Code     6  stm32f4xx_usart.o(i.USART_ClearFlag)
    USART_Cmd                                0x08002633   Thumb Code    20  stm32f4xx_usart.o(i.USART_Cmd)
    USART_GetFlagStatus                      0x08002647   Thumb Code    14  stm32f4xx_usart.o(i.USART_GetFlagStatus)
    USART_Init                               0x08002655   Thumb Code   164  stm32f4xx_usart.o(i.USART_Init)
    USART_SendData                           0x08002701   Thumb Code     8  stm32f4xx_usart.o(i.USART_SendData)
    UsageFault_Handler                       0x08002709   Thumb Code     2  stm32f4xx_it.o(i.UsageFault_Handler)
    __ARM_fpclassify                         0x0800270b   Thumb Code    48  fpclassify.o(i.__ARM_fpclassify)
    _is_digit                                0x0800273b   Thumb Code    14  __printf_wp.o(i._is_digit)
    _sys_exit                                0x08002749   Thumb Code     2  usart.o(i._sys_exit)
    delay_ms                                 0x0800274d   Thumb Code    26  delay.o(i.delay_ms)
    fputc                                    0x08002771   Thumb Code    30  usart.o(i.fputc)
    main                                     0x08002795   Thumb Code   308  main.o(i.main)
    _get_lc_numeric                          0x08002969   Thumb Code    44  lc_numeric_c.o(locale$$code)
    __fpl_dretinf                            0x08002995   Thumb Code    12  dretinf.o(x$fpl$dretinf)
    __aeabi_f2d                              0x080029a1   Thumb Code     0  f2d.o(x$fpl$f2d)
    _f2d                                     0x080029a1   Thumb Code    86  f2d.o(x$fpl$f2d)
    __fpl_fnaninf                            0x080029f7   Thumb Code   140  fnaninf.o(x$fpl$fnaninf)
    _fp_init                                 0x08002a83   Thumb Code    10  fpinit.o(x$fpl$fpinit)
    __fplib_config_fpu_vfp                   0x08002a8b   Thumb Code     0  fpinit.o(x$fpl$fpinit)
    __fplib_config_pureend_doubles           0x08002a8b   Thumb Code     0  fpinit.o(x$fpl$fpinit)
    _printf_fp_dec                           0x08002a8d   Thumb Code     4  printf1.o(x$fpl$printf1)
    __I$use$fp                               0x08002a90   Number         0  usenofp.o(x$fpl$usenofp)
    Region$$Table$$Base                      0x080035dc   Number         0  anon$$obj.o(Region$$Table)
    Region$$Table$$Limit                     0x080035fc   Number         0  anon$$obj.o(Region$$Table)
    LocalTime                                0x20000000   Data           4  main.o(.data)
    RealZeroLevel                            0x20000004   Data           4  main.o(.data)
    Real100gLevel                            0x20000008   Data           4  main.o(.data)
    Real200gLevel                            0x2000000c   Data           4  main.o(.data)
    ZeroLevel                                0x20000010   Data           4  main.o(.data)
    _100gLevel                               0x20000014   Data           4  main.o(.data)
    _200gLevel                               0x20000018   Data           4  main.o(.data)
    Data                                     0x2000001c   Data           4  main.o(.data)
    Values                                   0x20000020   Data           4  main.o(.data)
    Delta                                    0x20000024   Data           4  main.o(.data)
    Weight                                   0x20000028   Data           4  main.o(.data)
    PLL_M                                    0x2000002c   Data           2  system_stm32f4xx.o(.data)
    PLL_N                                    0x2000002e   Data           2  system_stm32f4xx.o(.data)
    SystemCoreClock                          0x20000030   Data           4  system_stm32f4xx.o(.data)
    AHBPrescTable                            0x20000034   Data          16  system_stm32f4xx.o(.data)
    ntime                                    0x20000048   Data           4  delay.o(.data)
    Fsize                                    0x2000004c   Data           1  lcd.o(.data)
    Charmd                                   0x2000004d   Data           1  lcd.o(.data)
    Bcolor                                   0x2000004e   Data           2  lcd.o(.data)
    __stdout                                 0x20000050   Data           4  usart.o(.data)
    DataStore                                0x20000064   Data          48  main.o(.bss)
    __libspace_start                         0x20000094   Data          96  libspace.o(.bss)
    __temporary_stack_top$libspace           0x200000f4   Data           0  libspace.o(.bss)



==============================================================================

Memory Map of the image

  Image Entry point : 0x08000189

  Load Region LR_IROM1 (Base: 0x08000000, Size: 0x0000367c, Max: 0x00100000, ABSOLUTE)

    Execution Region ER_IROM1 (Exec base: 0x08000000, Load base: 0x08000000, Size: 0x00003618, Max: 0x00100000, ABSOLUTE)

    Exec Addr    Load Addr    Size         Type   Attr      Idx    E Section Name        Object

    0x08000000   0x08000000   0x00000188   Data   RO            3    RESET               startup_stm32f4xx.o
    0x08000188   0x08000188   0x00000008   Code   RO         3326  * !!!main             c_w.l(__main.o)
    0x08000190   0x08000190   0x00000034   Code   RO         3552    !!!scatter          c_w.l(__scatter.o)
    0x080001c4   0x080001c4   0x0000001a   Code   RO         3554    !!handler_copy      c_w.l(__scatter_copy.o)
    0x080001de   0x080001de   0x00000002   PAD
    0x080001e0   0x080001e0   0x0000001c   Code   RO         3556    !!handler_zi        c_w.l(__scatter_zi.o)
    0x080001fc   0x080001fc   0x00000000   Code   RO         3321    .ARM.Collect$$_printf_percent$$00000000  c_w.l(_printf_percent.o)
    0x080001fc   0x080001fc   0x00000006   Code   RO         3320    .ARM.Collect$$_printf_percent$$00000003  c_w.l(_printf_f.o)
    0x08000202   0x08000202   0x00000006   Code   RO         3319    .ARM.Collect$$_printf_percent$$00000009  c_w.l(_printf_d.o)
    0x08000208   0x08000208   0x00000006   Code   RO         3318    .ARM.Collect$$_printf_percent$$0000000C  c_w.l(_printf_x.o)
    0x0800020e   0x0800020e   0x00000004   Code   RO         3347    .ARM.Collect$$_printf_percent$$00000017  c_w.l(_printf_percent_end.o)
    0x08000212   0x08000212   0x00000002   Code   RO         3429    .ARM.Collect$$libinit$$00000000  c_w.l(libinit.o)
    0x08000214   0x08000214   0x00000004   Code   RO         3430    .ARM.Collect$$libinit$$00000001  c_w.l(libinit2.o)
    0x08000218   0x08000218   0x00000000   Code   RO         3433    .ARM.Collect$$libinit$$00000004  c_w.l(libinit2.o)
    0x08000218   0x08000218   0x00000000   Code   RO         3436    .ARM.Collect$$libinit$$0000000A  c_w.l(libinit2.o)
    0x08000218   0x08000218   0x00000000   Code   RO         3438    .ARM.Collect$$libinit$$0000000C  c_w.l(libinit2.o)
    0x08000218   0x08000218   0x00000000   Code   RO         3440    .ARM.Collect$$libinit$$0000000E  c_w.l(libinit2.o)
    0x08000218   0x08000218   0x00000006   Code   RO         3441    .ARM.Collect$$libinit$$0000000F  c_w.l(libinit2.o)
    0x0800021e   0x0800021e   0x00000000   Code   RO         3443    .ARM.Collect$$libinit$$00000011  c_w.l(libinit2.o)
    0x0800021e   0x0800021e   0x00000000   Code   RO         3445    .ARM.Collect$$libinit$$00000013  c_w.l(libinit2.o)
    0x0800021e   0x0800021e   0x00000000   Code   RO         3447    .ARM.Collect$$libinit$$00000015  c_w.l(libinit2.o)
    0x0800021e   0x0800021e   0x0000000a   Code   RO         3448    .ARM.Collect$$libinit$$00000016  c_w.l(libinit2.o)
    0x08000228   0x08000228   0x00000000   Code   RO         3449    .ARM.Collect$$libinit$$00000017  c_w.l(libinit2.o)
    0x08000228   0x08000228   0x00000000   Code   RO         3451    .ARM.Collect$$libinit$$00000019  c_w.l(libinit2.o)
    0x08000228   0x08000228   0x00000000   Code   RO         3453    .ARM.Collect$$libinit$$0000001B  c_w.l(libinit2.o)
    0x08000228   0x08000228   0x00000000   Code   RO         3455    .ARM.Collect$$libinit$$0000001D  c_w.l(libinit2.o)
    0x08000228   0x08000228   0x00000000   Code   RO         3457    .ARM.Collect$$libinit$$0000001F  c_w.l(libinit2.o)
    0x08000228   0x08000228   0x00000000   Code   RO         3459    .ARM.Collect$$libinit$$00000021  c_w.l(libinit2.o)
    0x08000228   0x08000228   0x00000000   Code   RO         3461    .ARM.Collect$$libinit$$00000023  c_w.l(libinit2.o)
    0x08000228   0x08000228   0x00000000   Code   RO         3463    .ARM.Collect$$libinit$$00000025  c_w.l(libinit2.o)
    0x08000228   0x08000228   0x00000000   Code   RO         3467    .ARM.Collect$$libinit$$0000002C  c_w.l(libinit2.o)
    0x08000228   0x08000228   0x00000000   Code   RO         3469    .ARM.Collect$$libinit$$0000002E  c_w.l(libinit2.o)
    0x08000228   0x08000228   0x00000000   Code   RO         3471    .ARM.Collect$$libinit$$00000030  c_w.l(libinit2.o)
    0x08000228   0x08000228   0x00000000   Code   RO         3473    .ARM.Collect$$libinit$$00000032  c_w.l(libinit2.o)
    0x08000228   0x08000228   0x00000002   Code   RO         3474    .ARM.Collect$$libinit$$00000033  c_w.l(libinit2.o)
    0x0800022a   0x0800022a   0x00000002   Code   RO         3502    .ARM.Collect$$libshutdown$$00000000  c_w.l(libshutdown.o)
    0x0800022c   0x0800022c   0x00000000   Code   RO         3511    .ARM.Collect$$libshutdown$$00000002  c_w.l(libshutdown2.o)
    0x0800022c   0x0800022c   0x00000000   Code   RO         3513    .ARM.Collect$$libshutdown$$00000004  c_w.l(libshutdown2.o)
    0x0800022c   0x0800022c   0x00000000   Code   RO         3516    .ARM.Collect$$libshutdown$$00000007  c_w.l(libshutdown2.o)
    0x0800022c   0x0800022c   0x00000000   Code   RO         3519    .ARM.Collect$$libshutdown$$0000000A  c_w.l(libshutdown2.o)
    0x0800022c   0x0800022c   0x00000000   Code   RO         3521    .ARM.Collect$$libshutdown$$0000000C  c_w.l(libshutdown2.o)
    0x0800022c   0x0800022c   0x00000000   Code   RO         3524    .ARM.Collect$$libshutdown$$0000000F  c_w.l(libshutdown2.o)
    0x0800022c   0x0800022c   0x00000002   Code   RO         3525    .ARM.Collect$$libshutdown$$00000010  c_w.l(libshutdown2.o)
    0x0800022e   0x0800022e   0x00000000   Code   RO         3334    .ARM.Collect$$rtentry$$00000000  c_w.l(__rtentry.o)
    0x0800022e   0x0800022e   0x00000000   Code   RO         3354    .ARM.Collect$$rtentry$$00000002  c_w.l(__rtentry2.o)
    0x0800022e   0x0800022e   0x00000006   Code   RO         3366    .ARM.Collect$$rtentry$$00000004  c_w.l(__rtentry4.o)
    0x08000234   0x08000234   0x00000000   Code   RO         3356    .ARM.Collect$$rtentry$$00000009  c_w.l(__rtentry2.o)
    0x08000234   0x08000234   0x00000004   Code   RO         3357    .ARM.Collect$$rtentry$$0000000A  c_w.l(__rtentry2.o)
    0x08000238   0x08000238   0x00000000   Code   RO         3359    .ARM.Collect$$rtentry$$0000000C  c_w.l(__rtentry2.o)
    0x08000238   0x08000238   0x00000008   Code   RO         3360    .ARM.Collect$$rtentry$$0000000D  c_w.l(__rtentry2.o)
    0x08000240   0x08000240   0x00000002   Code   RO         3475    .ARM.Collect$$rtexit$$00000000  c_w.l(rtexit.o)
    0x08000242   0x08000242   0x00000000   Code   RO         3482    .ARM.Collect$$rtexit$$00000002  c_w.l(rtexit2.o)
    0x08000242   0x08000242   0x00000004   Code   RO         3483    .ARM.Collect$$rtexit$$00000003  c_w.l(rtexit2.o)
    0x08000246   0x08000246   0x00000006   Code   RO         3484    .ARM.Collect$$rtexit$$00000004  c_w.l(rtexit2.o)
    0x0800024c   0x0800024c   0x00000050   Code   RO            4    .text               startup_stm32f4xx.o
    0x0800029c   0x0800029c   0x00000002   Code   RO         3261    .text               c_w.l(use_no_semi_2.o)
    0x0800029e   0x0800029e   0x00000002   PAD
    0x080002a0   0x080002a0   0x00000018   Code   RO         3267    .text               c_w.l(noretval__2printf.o)
    0x080002b8   0x080002b8   0x00000034   Code   RO         3269    .text               c_w.l(noretval__2snprintf.o)
    0x080002ec   0x080002ec   0x0000004e   Code   RO         3273    .text               c_w.l(_printf_pad.o)
    0x0800033a   0x0800033a   0x00000002   PAD
    0x0800033c   0x0800033c   0x00000078   Code   RO         3275    .text               c_w.l(_printf_dec.o)
    0x080003b4   0x080003b4   0x00000058   Code   RO         3280    .text               c_w.l(_printf_hex_int.o)
    0x0800040c   0x0800040c   0x00000188   Code   RO         3315    .text               c_w.l(__printf_flags_ss_wp.o)
    0x08000594   0x08000594   0x0000004e   Code   RO         3322    .text               c_w.l(rt_memclr_w.o)
    0x080005e2   0x080005e2   0x00000006   Code   RO         3324    .text               c_w.l(heapauxi.o)
    0x080005e8   0x080005e8   0x00000002   Code   RO         3332    .text               c_w.l(use_no_semi.o)
    0x080005ea   0x080005ea   0x000000b2   Code   RO         3335    .text               c_w.l(_printf_intcommon.o)
    0x0800069c   0x0800069c   0x0000041e   Code   RO         3337    .text               c_w.l(_printf_fp_dec.o)
    0x08000aba   0x08000aba   0x00000002   PAD
    0x08000abc   0x08000abc   0x00000030   Code   RO         3339    .text               c_w.l(_printf_char_common.o)
    0x08000aec   0x08000aec   0x0000000a   Code   RO         3341    .text               c_w.l(_sputc.o)
    0x08000af6   0x08000af6   0x00000010   Code   RO         3343    .text               c_w.l(_snputc.o)
    0x08000b06   0x08000b06   0x00000002   PAD
    0x08000b08   0x08000b08   0x00000024   Code   RO         3345    .text               c_w.l(_printf_char_file.o)
    0x08000b2c   0x08000b2c   0x00000008   Code   RO         3371    .text               c_w.l(rt_locale_intlibspace.o)
    0x08000b34   0x08000b34   0x0000008a   Code   RO         3373    .text               c_w.l(lludiv10.o)
    0x08000bbe   0x08000bbe   0x00000002   PAD
    0x08000bc0   0x08000bc0   0x00000080   Code   RO         3375    .text               c_w.l(_printf_fp_infnan.o)
    0x08000c40   0x08000c40   0x000000e4   Code   RO         3379    .text               c_w.l(bigflt0.o)
    0x08000d24   0x08000d24   0x00000008   Code   RO         3404    .text               c_w.l(ferror.o)
    0x08000d2c   0x08000d2c   0x00000008   Code   RO         3415    .text               c_w.l(libspace.o)
    0x08000d34   0x08000d34   0x0000004a   Code   RO         3418    .text               c_w.l(sys_stackheap_outer.o)
    0x08000d7e   0x08000d7e   0x00000012   Code   RO         3420    .text               c_w.l(exit.o)
    0x08000d90   0x08000d90   0x00000080   Code   RO         3422    .text               c_w.l(strcmpv7m.o)
    0x08000e10   0x08000e10   0x0000003e   Code   RO         3382    CL$$btod_d2e        c_w.l(btod.o)
    0x08000e4e   0x08000e4e   0x00000046   Code   RO         3384    CL$$btod_d2e_denorm_low  c_w.l(btod.o)
    0x08000e94   0x08000e94   0x00000060   Code   RO         3383    CL$$btod_d2e_norm_op1  c_w.l(btod.o)
    0x08000ef4   0x08000ef4   0x00000338   Code   RO         3392    CL$$btod_div_common  c_w.l(btod.o)
    0x0800122c   0x0800122c   0x000000dc   Code   RO         3389    CL$$btod_e2e        c_w.l(btod.o)
    0x08001308   0x08001308   0x0000002a   Code   RO         3386    CL$$btod_ediv       c_w.l(btod.o)
    0x08001332   0x08001332   0x0000002a   Code   RO         3385    CL$$btod_emul       c_w.l(btod.o)
    0x0800135c   0x0800135c   0x00000244   Code   RO         3391    CL$$btod_mult_common  c_w.l(btod.o)
    0x080015a0   0x080015a0   0x00000002   Code   RO          203    i.BusFault_Handler  stm32f4xx_it.o
    0x080015a2   0x080015a2   0x00000002   PAD
    0x080015a4   0x080015a4   0x00000090   Code   RO          623    i.COM1Init          usart.o
    0x08001634   0x08001634   0x00000048   Code   RO           12    i.Calibrate         main.o
    0x0800167c   0x0800167c   0x00000002   Code   RO          204    i.DebugMon_Handler  stm32f4xx_it.o
    0x0800167e   0x0800167e   0x00000006   Code   RO          420    i.Delay             delay.o
    0x08001684   0x08001684   0x00000020   Code   RO         1379    i.FSMC_NORSRAMCmd   stm32f4xx_fsmc.o
    0x080016a4   0x080016a4   0x000000c8   Code   RO         1381    i.FSMC_NORSRAMInit  stm32f4xx_fsmc.o
    0x0800176c   0x0800176c   0x000000a2   Code   RO         1159    i.GPIO_Init         stm32f4xx_gpio.o
    0x0800180e   0x0800180e   0x00000020   Code   RO         1160    i.GPIO_PinAFConfig  stm32f4xx_gpio.o
    0x0800182e   0x0800182e   0x0000000e   Code   RO         1163    i.GPIO_ReadInputDataBit  stm32f4xx_gpio.o
    0x0800183c   0x0800183c   0x00000004   Code   RO         1166    i.GPIO_ResetBits    stm32f4xx_gpio.o
    0x08001840   0x08001840   0x00000004   Code   RO         1167    i.GPIO_SetBits      stm32f4xx_gpio.o
    0x08001844   0x08001844   0x00000048   Code   RO           13    i.GetMiddleFilterValue  main.o
    0x0800188c   0x0800188c   0x00000020   Code   RO          376    i.Get_Key           key.o
    0x080018ac   0x080018ac   0x0000001c   Code   RO          205    i.HardFault_Handler  stm32f4xx_it.o
    0x080018c8   0x080018c8   0x00000094   Code   RO          377    i.KEY_Scan          key.o
    0x0800195c   0x0800195c   0x00000028   Code   RO          378    i.Key_Init          key.o
    0x08001984   0x08001984   0x00000088   Code   RO          465    i.LCD_Char          lcd.o
    0x08001a0c   0x08001a0c   0x0000000c   Code   RO          466    i.LCD_Charmd        lcd.o
    0x08001a18   0x08001a18   0x0000002c   Code   RO          468    i.LCD_Clear         lcd.o
    0x08001a44   0x08001a44   0x00000018   Code   RO          469    i.LCD_Cursor        lcd.o
    0x08001a5c   0x08001a5c   0x00000048   Code   RO          470    i.LCD_Dispmd        lcd.o
    0x08001aa4   0x08001aa4   0x00000056   Code   RO          471    i.LCD_FSMCConf      lcd.o
    0x08001afa   0x08001afa   0x00000002   PAD
    0x08001afc   0x08001afc   0x0000063c   Code   RO          475    i.LCD_Init          lcd.o
    0x08002138   0x08002138   0x00000128   Code   RO          477    i.LCD_LineConf      lcd.o
    0x08002260   0x08002260   0x00000010   Code   RO          480    i.LCD_ReadReg       lcd.o
    0x08002270   0x08002270   0x0000001c   Code   RO          482    i.LCD_SetPoint      lcd.o
    0x0800228c   0x0800228c   0x00000024   Code   RO          483    i.LCD_String        lcd.o
    0x080022b0   0x080022b0   0x00000010   Code   RO          486    i.LCD_WriteReg      lcd.o
    0x080022c0   0x080022c0   0x0000005c   Code   RO          332    i.LED_Init          led.o
    0x0800231c   0x0800231c   0x00000002   Code   RO          206    i.MemManage_Handler  stm32f4xx_it.o
    0x0800231e   0x0800231e   0x00000002   Code   RO          207    i.NMI_Handler       stm32f4xx_it.o
    0x08002320   0x08002320   0x00000002   Code   RO          208    i.PendSV_Handler    stm32f4xx_it.o
    0x08002322   0x08002322   0x00000002   PAD
    0x08002324   0x08002324   0x00000018   Code   RO          878    i.RCC_AHB1PeriphClockCmd  stm32f4xx_rcc.o
    0x0800233c   0x0800233c   0x00000018   Code   RO          884    i.RCC_AHB3PeriphClockCmd  stm32f4xx_rcc.o
    0x08002354   0x08002354   0x00000018   Code   RO          890    i.RCC_APB2PeriphClockCmd  stm32f4xx_rcc.o
    0x0800236c   0x0800236c   0x00000090   Code   RO          899    i.RCC_GetClocksFreq  stm32f4xx_rcc.o
    0x080023fc   0x080023fc   0x00000060   Code   RO           14    i.ReadCount         main.o
    0x0800245c   0x0800245c   0x00000002   Code   RO          209    i.SVC_Handler       stm32f4xx_it.o
    0x0800245e   0x0800245e   0x00000002   PAD
    0x08002460   0x08002460   0x00000044   Code   RO           15    i.Scale_Init        main.o
    0x080024a4   0x080024a4   0x000000e4   Code   RO          275    i.SetSysClock       system_stm32f4xx.o
    0x08002588   0x08002588   0x0000002c   Code   RO          421    i.SysTick_Config    delay.o
    0x080025b4   0x080025b4   0x0000001c   Code   RO          210    i.SysTick_Handler   stm32f4xx_it.o
    0x080025d0   0x080025d0   0x0000005c   Code   RO          277    i.SystemInit        system_stm32f4xx.o
    0x0800262c   0x0800262c   0x00000006   Code   RO         1496    i.USART_ClearFlag   stm32f4xx_usart.o
    0x08002632   0x08002632   0x00000014   Code   RO         1500    i.USART_Cmd         stm32f4xx_usart.o
    0x08002646   0x08002646   0x0000000e   Code   RO         1503    i.USART_GetFlagStatus  stm32f4xx_usart.o
    0x08002654   0x08002654   0x000000ac   Code   RO         1507    i.USART_Init        stm32f4xx_usart.o
    0x08002700   0x08002700   0x00000008   Code   RO         1517    i.USART_SendData    stm32f4xx_usart.o
    0x08002708   0x08002708   0x00000002   Code   RO          211    i.UsageFault_Handler  stm32f4xx_it.o
    0x0800270a   0x0800270a   0x00000030   Code   RO         3413    i.__ARM_fpclassify  m_wm.l(fpclassify.o)
    0x0800273a   0x0800273a   0x0000000e   Code   RO         3308    i._is_digit         c_w.l(__printf_wp.o)
    0x08002748   0x08002748   0x00000002   Code   RO          624    i._sys_exit         usart.o
    0x0800274a   0x0800274a   0x00000002   PAD
    0x0800274c   0x0800274c   0x00000024   Code   RO          422    i.delay_ms          delay.o
    0x08002770   0x08002770   0x00000024   Code   RO          625    i.fputc             usart.o
    0x08002794   0x08002794   0x000001d4   Code   RO           16    i.main              main.o
    0x08002968   0x08002968   0x0000002c   Code   RO         3409    locale$$code        c_w.l(lc_numeric_c.o)
    0x08002994   0x08002994   0x0000000c   Code   RO         3348    x$fpl$dretinf       fz_wm.l(dretinf.o)
    0x080029a0   0x080029a0   0x00000056   Code   RO         3328    x$fpl$f2d           fz_wm.l(f2d.o)
    0x080029f6   0x080029f6   0x0000008c   Code   RO         3350    x$fpl$fnaninf       fz_wm.l(fnaninf.o)
    0x08002a82   0x08002a82   0x0000000a   Code   RO         3479    x$fpl$fpinit        fz_wm.l(fpinit.o)
    0x08002a8c   0x08002a8c   0x00000004   Code   RO         3330    x$fpl$printf1       fz_wm.l(printf1.o)
    0x08002a90   0x08002a90   0x00000000   Code   RO         3352    x$fpl$usenofp       fz_wm.l(usenofp.o)
    0x08002a90   0x08002a90   0x00000018   Data   RO          380    .constdata          key.o
    0x08002aa8   0x08002aa8   0x00000a64   Data   RO          488    .constdata          lcd.o
    0x0800350c   0x0800350c   0x00000028   Data   RO         3281    .constdata          c_w.l(_printf_hex_int.o)
    0x08003534   0x08003534   0x00000011   Data   RO         3316    .constdata          c_w.l(__printf_flags_ss_wp.o)
    0x08003545   0x08003545   0x00000003   PAD
    0x08003548   0x08003548   0x00000094   Data   RO         3380    .constdata          c_w.l(bigflt0.o)
    0x080035dc   0x080035dc   0x00000020   Data   RO         3550    Region$$Table       anon$$obj.o
    0x080035fc   0x080035fc   0x0000001c   Data   RO         3408    locale$$data        c_w.l(lc_numeric_c.o)


    Execution Region RW_IRAM1 (Exec base: 0x20000000, Load base: 0x08003618, Size: 0x000006f8, Max: 0x00020000, ABSOLUTE)

    Exec Addr    Load Addr    Size         Type   Attr      Idx    E Section Name        Object

    0x20000000   0x08003618   0x00000004   Data   RW           18    .data               main.o
    0x20000004   0x0800361c   0x00000028   Data   RW           19    .data               main.o
    0x2000002c   0x08003644   0x00000018   Data   RW          278    .data               system_stm32f4xx.o
    0x20000044   0x0800365c   0x00000001   Data   RW          381    .data               key.o
    0x20000045   0x0800365d   0x00000003   PAD
    0x20000048   0x08003660   0x00000004   Data   RW          424    .data               delay.o
    0x2000004c   0x08003664   0x00000004   Data   RW          489    .data               lcd.o
    0x20000050   0x08003668   0x00000004   Data   RW          626    .data               usart.o
    0x20000054   0x0800366c   0x00000010   Data   RW          922    .data               stm32f4xx_rcc.o
    0x20000064        -       0x00000030   Zero   RW           17    .bss                main.o
    0x20000094        -       0x00000060   Zero   RW         3416    .bss                c_w.l(libspace.o)
    0x200000f4   0x0800367c   0x00000004   PAD
    0x200000f8        -       0x00000200   Zero   RW            2    HEAP                startup_stm32f4xx.o
    0x200002f8        -       0x00000400   Zero   RW            1    STACK               startup_stm32f4xx.o


==============================================================================

Image component sizes


      Code (inc. data)   RO Data    RW Data    ZI Data      Debug   Object Name

        86         16          0          4          0      28310   delay.o
       220         24         24          1          0       2528   key.o
      2362         56       2660          4          0       9134   lcd.o
        92          8          0          0          0        539   led.o
       776        176          0         44         48     286584   main.o
        80         32        392          0       1536        848   startup_stm32f4xx.o
       232          6          0          0          0       2065   stm32f4xx_fsmc.o
       216          0          0          0          0       3855   stm32f4xx_gpio.o
        70         22          0          0          0       3978   stm32f4xx_it.o
       216         30          0         16          0       4763   stm32f4xx_rcc.o
       220          8          0          0          0       4230   stm32f4xx_usart.o
       320         44          0         24          0       1853   system_stm32f4xx.o
       182         16          0          4          0       3429   usart.o

    ----------------------------------------------------------------------
      5082        438       3108        100       1584     352116   Object Totals
         0          0         32          0          0          0   (incl. Generated)
        10          0          0          3          0          0   (incl. Padding)

    ----------------------------------------------------------------------

      Code (inc. data)   RO Data    RW Data    ZI Data      Debug   Library Member Name

         8          0          0          0          0         68   __main.o
       392          4         17          0          0         92   __printf_flags_ss_wp.o
        14          0          0          0          0         68   __printf_wp.o
         0          0          0          0          0          0   __rtentry.o
        12          0          0          0          0          0   __rtentry2.o
         6          0          0          0          0          0   __rtentry4.o
        52          8          0          0          0          0   __scatter.o
        26          0          0          0          0          0   __scatter_copy.o
        28          0          0          0          0          0   __scatter_zi.o
        48          6          0          0          0         96   _printf_char_common.o
        36          4          0          0          0         80   _printf_char_file.o
         6          0          0          0          0          0   _printf_d.o
       120         16          0          0          0         92   _printf_dec.o
         6          0          0          0          0          0   _printf_f.o
      1054          0          0          0          0        216   _printf_fp_dec.o
       128         16          0          0          0         84   _printf_fp_infnan.o
        88          4         40          0          0         88   _printf_hex_int.o
       178          0          0          0          0         88   _printf_intcommon.o
        78          0          0          0          0        108   _printf_pad.o
         0          0          0          0          0          0   _printf_percent.o
         4          0          0          0          0          0   _printf_percent_end.o
         6          0          0          0          0          0   _printf_x.o
        16          0          0          0          0         68   _snputc.o
        10          0          0          0          0         68   _sputc.o
       228          4        148          0          0         96   bigflt0.o
      1936        128          0          0          0        672   btod.o
        18          0          0          0          0         80   exit.o
         8          0          0          0          0         68   ferror.o
         6          0          0          0          0        152   heapauxi.o
        44         10         28          0          0         76   lc_numeric_c.o
         2          0          0          0          0          0   libinit.o
        22          0          0          0          0          0   libinit2.o
         2          0          0          0          0          0   libshutdown.o
         2          0          0          0          0          0   libshutdown2.o
         8          4          0          0         96         68   libspace.o
       138          0          0          0          0         80   lludiv10.o
        24          4          0          0          0         84   noretval__2printf.o
        52          4          0          0          0         84   noretval__2snprintf.o
         8          4          0          0          0         68   rt_locale_intlibspace.o
        78          0          0          0          0         80   rt_memclr_w.o
         2          0          0          0          0          0   rtexit.o
        10          0          0          0          0          0   rtexit2.o
       128          0          0          0          0         68   strcmpv7m.o
        74          0          0          0          0         80   sys_stackheap_outer.o
         2          0          0          0          0         68   use_no_semi.o
         2          0          0          0          0         68   use_no_semi_2.o
        12          0          0          0          0        116   dretinf.o
        86          4          0          0          0        132   f2d.o
       140          4          0          0          0        132   fnaninf.o
        10          0          0          0          0        116   fpinit.o
         4          0          0          0          0        116   printf1.o
         0          0          0          0          0          0   usenofp.o
        48          0          0          0          0        124   fpclassify.o

    ----------------------------------------------------------------------
      5422        224        236          0        100       3844   Library Totals
        12          0          3          0          4          0   (incl. Padding)

    ----------------------------------------------------------------------

      Code (inc. data)   RO Data    RW Data    ZI Data      Debug   Library Name

      5110        216        233          0         96       3108   c_w.l
       252          8          0          0          0        612   fz_wm.l
        48          0          0          0          0        124   m_wm.l

    ----------------------------------------------------------------------
      5422        224        236          0        100       3844   Library Totals

    ----------------------------------------------------------------------

==============================================================================


      Code (inc. data)   RO Data    RW Data    ZI Data      Debug   

     10504        662       3344        100       1684     349144   Grand Totals
     10504        662       3344        100       1684     349144   ELF Image Totals
     10504        662       3344        100          0          0   ROM Totals

==============================================================================

    Total RO  Size (Code + RO Data)                13848 (  13.52kB)
    Total RW  Size (RW Data + ZI Data)              1784 (   1.74kB)
    Total ROM Size (Code + RO Data + RW Data)      13948 (  13.62kB)

==============================================================================

